[debug] [2026-06-16T10:04:43.861Z] ----------------------------------------------------------------------
[debug] [2026-06-16T10:04:43.862Z] Command:       /Users/hashim/.nvm/versions/node/v22.12.0/bin/node /opt/homebrew/bin/firebase deploy --only hosting
[debug] [2026-06-16T10:04:43.862Z] CLI Version:   14.12.1
[debug] [2026-06-16T10:04:43.863Z] Platform:      darwin
[debug] [2026-06-16T10:04:43.863Z] Node Version:  v22.12.0
[debug] [2026-06-16T10:04:43.863Z] Time:          Tue Jun 16 2026 14:04:43 GMT+0400 (Gulf Standard Time)
[debug] [2026-06-16T10:04:43.863Z] ----------------------------------------------------------------------
[debug] 
[debug] [2026-06-16T10:04:43.951Z] > command requires scopes: ["email","openid","https://www.googleapis.com/auth/cloudplatformprojects.readonly","https://www.googleapis.com/auth/firebase","https://www.googleapis.com/auth/cloud-platform"]
[debug] [2026-06-16T10:04:43.951Z] > authorizing via signed-in user (hashimstar25@gmail.com)
[debug] [2026-06-16T10:04:43.951Z] [iam] checking project edulink-c7b45 for permissions ["firebase.projects.get","firebasehosting.sites.update"]
[debug] [2026-06-16T10:04:43.952Z] Checked if tokens are valid: true, expires at: 1781607414899
[debug] [2026-06-16T10:04:43.952Z] Checked if tokens are valid: true, expires at: 1781607414899
[debug] [2026-06-16T10:04:43.952Z] >>> [apiv2][query] POST https://cloudresourcemanager.googleapis.com/v1/projects/edulink-c7b45:testIamPermissions [none]
[debug] [2026-06-16T10:04:43.952Z] >>> [apiv2][(partial)header] POST https://cloudresourcemanager.googleapis.com/v1/projects/edulink-c7b45:testIamPermissions x-goog-quota-user=projects/edulink-c7b45
[debug] [2026-06-16T10:04:43.952Z] >>> [apiv2][body] POST https://cloudresourcemanager.googleapis.com/v1/projects/edulink-c7b45:testIamPermissions {"permissions":["firebase.projects.get","firebasehosting.sites.update"]}
[debug] [2026-06-16T10:04:45.399Z] <<< [apiv2][status] POST https://cloudresourcemanager.googleapis.com/v1/projects/edulink-c7b45:testIamPermissions 200
[debug] [2026-06-16T10:04:45.400Z] <<< [apiv2][body] POST https://cloudresourcemanager.googleapis.com/v1/projects/edulink-c7b45:testIamPermissions {"permissions":["firebase.projects.get","firebasehosting.sites.update"]}
[debug] [2026-06-16T10:04:45.400Z] Checked if tokens are valid: true, expires at: 1781607414899
[debug] [2026-06-16T10:04:45.400Z] Checked if tokens are valid: true, expires at: 1781607414899
[debug] [2026-06-16T10:04:45.400Z] >>> [apiv2][query] GET https://firebase.googleapis.com/v1beta1/projects/edulink-c7b45 [none]
[debug] [2026-06-16T10:04:46.314Z] <<< [apiv2][status] GET https://firebase.googleapis.com/v1beta1/projects/edulink-c7b45 200
[debug] [2026-06-16T10:04:46.315Z] <<< [apiv2][body] GET https://firebase.googleapis.com/v1beta1/projects/edulink-c7b45 {"projectId":"edulink-c7b45","projectNumber":"746674100825","displayName":"edulink","name":"projects/edulink-c7b45","resources":{"hostingSite":"edulink-c7b45"},"state":"ACTIVE","etag":"1_9f40271e-b33c-4e50-bad6-5257537f38cc"}
[info] 
[info] === Deploying to 'edulink-c7b45'...
[info] 
[info] i  deploying hosting 
[debug] [2026-06-16T10:04:46.321Z] Checked if tokens are valid: true, expires at: 1781607414899
[debug] [2026-06-16T10:04:46.321Z] Checked if tokens are valid: true, expires at: 1781607414899
[debug] [2026-06-16T10:04:46.321Z] Checked if tokens are valid: true, expires at: 1781607414899
[debug] [2026-06-16T10:04:46.321Z] Checked if tokens are valid: true, expires at: 1781607414899
[debug] [2026-06-16T10:04:46.322Z] >>> [apiv2][query] POST https://firebasehosting.googleapis.com/v1beta1/projects/-/sites/edulink-c7b45/versions [none]
[debug] [2026-06-16T10:04:46.322Z] >>> [apiv2][body] POST https://firebasehosting.googleapis.com/v1beta1/projects/-/sites/edulink-c7b45/versions {"status":"CREATED","labels":{"deployment-tool":"cli-firebase"}}
[debug] [2026-06-16T10:04:46.324Z] >>> [apiv2][query] POST https://firebasehosting.googleapis.com/v1beta1/projects/-/sites/edulink-teacher/versions [none]
[debug] [2026-06-16T10:04:46.324Z] >>> [apiv2][body] POST https://firebasehosting.googleapis.com/v1beta1/projects/-/sites/edulink-teacher/versions {"status":"CREATED","labels":{"deployment-tool":"cli-firebase"}}
[debug] [2026-06-16T10:04:49.181Z] <<< [apiv2][status] POST https://firebasehosting.googleapis.com/v1beta1/projects/-/sites/edulink-c7b45/versions 200
[debug] [2026-06-16T10:04:49.181Z] <<< [apiv2][body] POST https://firebasehosting.googleapis.com/v1beta1/projects/-/sites/edulink-c7b45/versions {"name":"projects/746674100825/sites/edulink-c7b45/versions/a9ddd7a5aec49ccb","status":"CREATED","config":{},"labels":{"deployment-tool":"cli-firebase"}}
[debug] [2026-06-16T10:04:49.316Z] <<< [apiv2][status] POST https://firebasehosting.googleapis.com/v1beta1/projects/-/sites/edulink-teacher/versions 200
[debug] [2026-06-16T10:04:49.316Z] <<< [apiv2][body] POST https://firebasehosting.googleapis.com/v1beta1/projects/-/sites/edulink-teacher/versions {"name":"projects/746674100825/sites/edulink-teacher/versions/6fc9e4429493551f","status":"CREATED","config":{},"labels":{"deployment-tool":"cli-firebase"}}
[info] i  hosting[edulink-c7b45]: beginning deploy... 
[info] i  hosting[edulink-c7b45]: found 57 files in edulink-admin/out 
[debug] [2026-06-16T10:04:49.336Z] [hosting] uploading with 200 concurrency
[debug] [2026-06-16T10:04:49.348Z] Checked if tokens are valid: true, expires at: 1781607414899
[debug] [2026-06-16T10:04:49.348Z] Checked if tokens are valid: true, expires at: 1781607414899
[debug] [2026-06-16T10:04:49.349Z] [hosting] hash cache [ZWR1bGluay1hZG1pbi9vdXQ] stored for 57 files
[debug] [2026-06-16T10:04:49.349Z] [hosting][hash queue][FINAL] {"max":11,"min":3,"avg":6.43859649122807,"active":0,"complete":57,"success":57,"errored":0,"retried":0,"total":57,"elapsed":13}
[debug] [2026-06-16T10:04:49.349Z] >>> [apiv2][query] POST https://firebasehosting.googleapis.com/v1beta1/projects/746674100825/sites/edulink-c7b45/versions/a9ddd7a5aec49ccb:populateFiles [none]
[debug] [2026-06-16T10:04:49.349Z] >>> [apiv2][body] POST https://firebasehosting.googleapis.com/v1beta1/projects/746674100825/sites/edulink-c7b45/versions/a9ddd7a5aec49ccb:populateFiles {"files":{"/index.txt":"72e3762f4cb2e433fcb9ac0d628332cf9de601b86ebabca88e2da5469624546b","/login.txt":"7895fb115a747803c7c5583b2c7f3b360f11c6604481416d26ce9026ad060b25","/dashboard.txt":"c374391cecc953597d9b0cd320428389a7891b1e73b5a275aac727c745b4a90c","/404.html":"1f8cd0dade256ebfd2cfe01fdfe7d7a6def07e42afcf5a0762cede9786ab9591","/index.html":"2bd4e152c3810ba3dce9d4edd99aa68e37a8d3474c59655dd01bc3a257125dfd","/dashboard/users.txt":"d8156f592c7da871adb415cfec6829fc5bc31375cf6e7673cfc1c821008ac3d8","/dashboard/tutors.txt":"3b12d310b7579e585b67325382b39cf6f56639180b614f5f1e3764695f446789","/dashboard.html":"5e8c81df90d3609c698bfb181cb82a46fa458f1bdf59de223ab842ff14b44d50","/login.html":"215c4c2083a47072c22577a4f0e8b4f11c866194a4c42e6cd0d578433f7b7c94","/dashboard/payments.txt":"a44a52baeda0e926e81740591a93a199b9c3cb55e1aff8f58c7f3d794449830f","/dashboard/users.html":"0ee9ecfbe23496beeec823dc6d3092083128feaa0670a75d30c06ec7bacda0fd","/dashboard/notifications.txt":"fa648a02ac93e791b4c3164e7db70d80406da9e5cc128d3d79a16747bb83b0c6","/dashboard/tutors.html":"e465e7a446a051dea68266f997e2a1b77ffdf76d77961292525027d0579450cb","/dashboard/subscriptions.html":"2e15a638a1bcfd5a2f3f2325a8f8e41f70f5627f1497b32787f97c3483c7a127","/dashboard/lessons.txt":"b84a01ff10254f5846af022bce4137518fd846615bd309f7b266a3c34321a373","/dashboard/legal.txt":"08b94c27f6a58e1c50155021f79bec8a3bed20109353b34fa0fba58d502ce50a","/dashboard/subscriptions.txt":"a7084373715d32dc9b94826b09b52921dbd06fce60fe0f2d14673133d889186c","/dashboard/appointments.txt":"9d43a87c66aefb8bc56e4134d562b6a43afb52bc2bb79c4ee336e2dc92bcfb99","/dashboard/payments.html":"979aef588e7235d30d163a3303ccdf8b519191b61062d05328ca4e52ad6f660a","/dashboard/notifications.html":"66563c1fa3fc290c1e87b87bb980502edfc201ac0c618f9c2a3eca548459ae94","/dashboard/lessons.html":"208e6aa59b42d682a1e79396d6f46d36ef52acd482196b108eaec03e2d29f927","/dashboard/users/detail.txt":"bd387273614475177d7a6539b34e3ba98968c1d22284b1d976138cc0e3f5fce9","/dashboard/legal.html":"5accb14bd4af5ee078c9e6d883d8b8b989a44e0a423063e5615fb3e34d68fc59","/_next/static/chunks/main-app-ebb33d3b88cdd189.js":"68d96fb69726724b05adc89a30abdf3f56940071573e5b4df56d21b1907afb67","/_next/static/chunks/webpack-a3c37fcbf859f6f9.js":"3e4091e86b667c2b97ec916c11870221bd63376846183d507493b234f1cd4ce8","/dashboard/appointments.html":"38b437ba401b95a0005c04dc7b29995fdf8526143223266212e8956c475ff076","/dashboard/users/detail.html":"bb6a01a4eca7a1a39da77417f266a86ffa47a549836c7d468276fd93bc60729c","/_next/static/css/c50cc3396f95475c.css":"4584f5ff8420c424c436a38d8d2f610195945b3a0d4a86b25ddb1ca6369c868e","/_next/static/chunks/41-daef32bebc0d908b.js":"3ce8be3e774b7020514eb1d1da8b75cad12544559cabe45ea972a3cbe40f4283","/_next/static/chunks/pages/_error-7ba65e1336b92748.js":"0402d6340a70945d851b2d22e156d955fbee54c1d8ec8b379f35fd464a8d08bf","/_next/static/chunks/pages/_app-72b849fbd24ac258.js":"dae29acdf0128939e571909a9228115276818bce739f4d0f98c1da8ed68ba91d","/_next/static/chunks/762-44c85575ea7cefdd.js":"0fb2f22f958a5c0f4405980058043e1e258b4dbbe3e972c810c22fe1185acf84","/_next/static/chunks/app/page-0a8b9a7b052e6eac.js":"1182b9968a11922a956d0f11ad8ce3ce1a5f4f660b111cae5bd84fc13fbbf42b","/_next/static/chunks/app/layout-bf009b9d253015a0.js":"10bb5b1181a4674c53122e88e09f8922decaed7044d4306cf1beaa4e6edcc61b","/_next/static/chunks/app/login/page-2d7bdda8cbed6fbd.js":"29ed9c128169271354d1182f492930d73f0c6a9bd7ae724f5abcf3ddb43652c6","/_next/static/chunks/app/dashboard/page-14e5108f0215cb9c.js":"aec19e500c817ecb853ba98f18df7c0167a664e618c05b112f9f3f42346893cc","/_next/static/chunks/app/dashboard/layout-2055cb82e672206c.js":"6a892a20f15ff0f8ed907fcf334874adb3a3c2afd0681f41e3d5ca309c4cbe5f","/_next/static/chunks/app/dashboard/users/page-12c8fba1b8994995.js":"f5ed8107cf60fd83c6da1a49d88de8a5500f2d7f6142933d3392e7182356eb8a","/_next/static/chunks/app/dashboard/users/detail/page-85f941af372d9a49.js":"64865577e3132b1107195ed9b0ee76dcb33a3b96c77472c51293b59631a2a743","/_next/static/chunks/app/dashboard/users/detail/layout-7a0836973b0a16ae.js":"20081a091785b76600c5d5c06e51ecb1d04538f855a061db7661f8217bf10af2","/_next/static/chunks/app/dashboard/tutors/page-932f33fd07aaccaa.js":"401b3d3518126977d4ed96a886f8257b20983431c543aae1af23d386505e676f","/_next/static/chunks/app/dashboard/subscriptions/page-450e2488c398bf82.js":"35bcd198eb571f87c6dcaf9c44aff195da63200d5a97a651a07c5a6c018fe4bf","/_next/static/chunks/app/dashboard/payments/page-5ac3d3fb482c62c8.js":"b33e70bd81392beedc05941d0f94da6df3045f811adbee099690d92225bcd23f","/_next/static/chunks/924-faa2bcec9f6a9b3b.js":"687c37f1deec29cfeb14ae61107198ced57b8f96903d4933d8e33bae523e753c","/logo.png":"c40ea844faa4c93fcba7947c9e36e5595bc3d6c9b3054c036df39352b11c6665","/_next/static/chunks/117-a7271852c9300a6d.js":"889a9d61be688aeb9849f3c192834d49b16edddee25b7c9bae3c3c904085f9ef","/_next/static/chunks/app/dashboard/notifications/page-6deeb39c5972cb39.js":"d26db4aa7fdf9cd445359c9d0c102f56be711a4229756cbf05143113066f3d57","/_next/static/chunks/app/dashboard/legal/page-7353967cf1a03534.js":"f3da74af0444c95a3985ebb11be6143c827643e228cf7bf9950adab000bdd8fd","/_next/static/0S89eaQ-pdAT7CsidLPcd/_ssgManifest.js":"02dbc1aeab6ef0a6ff2ff9a1643158cf9bb38929945eaa343a3627dee9ba6778","/_next/static/chunks/app/_not-found/page-d284426e15d37ed1.js":"504bc1f34b0c461bb98797647d0431fe5b881ea01030149db9ae83197965de92","/_next/static/0S89eaQ-pdAT7CsidLPcd/_buildManifest.js":"f46b17d6e2e887329d388286773626796e64b52f4cd965c9b0fe037e97f3ad58","/_next/static/chunks/app/dashboard/appointments/page-43f22480fee0549b.js":"a5a1e7fba4ceb335d7089a6085cd4196a25b08759554f1b85a6f815ddd22ffeb","/_next/static/chunks/app/dashboard/lessons/page-e20ec5f22186ef17.js":"eb6439e7b09b139c373dceadfc5dcdcb2995da3fb3ead23efa4b15fb8cb3437b","/_next/static/chunks/main-0ab7f69071c5aeb6.js":"00c76689cfe55480b9af6ba81683cc1a642014c7e70878730e17644dea2ee235","/_next/static/chunks/polyfills-42372ed130431b0a.js":"67dee1c02c6a6700d63b5c1898cf2df618101a68a395db469192763d24925a23","/_next/static/chunks/framework-f66176bb897dc684.js":"bcc2625ae39aa9748c8149b05dc6cbaca4e82b628c2a805c2733cc090562a694","/_next/static/chunks/fd9d1056-a4fc1defb06d3e84.js":"8b73f2ae4babb3d70adf200a16329555cd03b390ca97f3fa3368428ebc73c549"}}
[debug] [2026-06-16T10:04:50.521Z] <<< [apiv2][status] POST https://firebasehosting.googleapis.com/v1beta1/projects/746674100825/sites/edulink-c7b45/versions/a9ddd7a5aec49ccb:populateFiles 200
[debug] [2026-06-16T10:04:50.521Z] <<< [apiv2][body] POST https://firebasehosting.googleapis.com/v1beta1/projects/746674100825/sites/edulink-c7b45/versions/a9ddd7a5aec49ccb:populateFiles {"uploadRequiredHashes":["fa648a02ac93e791b4c3164e7db70d80406da9e5cc128d3d79a16747bb83b0c6","979aef588e7235d30d163a3303ccdf8b519191b61062d05328ca4e52ad6f660a","a7084373715d32dc9b94826b09b52921dbd06fce60fe0f2d14673133d889186c","bd387273614475177d7a6539b34e3ba98968c1d22284b1d976138cc0e3f5fce9","5accb14bd4af5ee078c9e6d883d8b8b989a44e0a423063e5615fb3e34d68fc59","72e3762f4cb2e433fcb9ac0d628332cf9de601b86ebabca88e2da5469624546b","5e8c81df90d3609c698bfb181cb82a46fa458f1bdf59de223ab842ff14b44d50","c374391cecc953597d9b0cd320428389a7891b1e73b5a275aac727c745b4a90c","0ee9ecfbe23496beeec823dc6d3092083128feaa0670a75d30c06ec7bacda0fd","b84a01ff10254f5846af022bce4137518fd846615bd309f7b266a3c34321a373","e465e7a446a051dea68266f997e2a1b77ffdf76d77961292525027d0579450cb","3b12d310b7579e585b67325382b39cf6f56639180b614f5f1e3764695f446789","1f8cd0dade256ebfd2cfe01fdfe7d7a6def07e42afcf5a0762cede9786ab9591","9d43a87c66aefb8bc56e4134d562b6a43afb52bc2bb79c4ee336e2dc92bcfb99","38b437ba401b95a0005c04dc7b29995fdf8526143223266212e8956c475ff076","7895fb115a747803c7c5583b2c7f3b360f11c6604481416d26ce9026ad060b25","d8156f592c7da871adb415cfec6829fc5bc31375cf6e7673cfc1c821008ac3d8","66563c1fa3fc290c1e87b87bb980502edfc201ac0c618f9c2a3eca548459ae94","3ce8be3e774b7020514eb1d1da8b75cad12544559cabe45ea972a3cbe40f4283","2bd4e152c3810ba3dce9d4edd99aa68e37a8d3474c59655dd01bc3a257125dfd","bb6a01a4eca7a1a39da77417f266a86ffa47a549836c7d468276fd93bc60729c","208e6aa59b42d682a1e79396d6f46d36ef52acd482196b108eaec03e2d29f927","a44a52baeda0e926e81740591a93a199b9c3cb55e1aff8f58c7f3d794449830f","08b94c27f6a58e1c50155021f79bec8a3bed20109353b34fa0fba58d502ce50a","2e15a638a1bcfd5a2f3f2325a8f8e41f70f5627f1497b32787f97c3483c7a127","215c4c2083a47072c22577a4f0e8b4f11c866194a4c42e6cd0d578433f7b7c94"],"uploadUrl":"https://upload-firebasehosting.googleapis.com/upload/sites/edulink-c7b45/versions/a9ddd7a5aec49ccb/files"}
[debug] [2026-06-16T10:04:50.522Z] Checked if tokens are valid: true, expires at: 1781607414899
[debug] [2026-06-16T10:04:50.522Z] Checked if tokens are valid: true, expires at: 1781607414899
[debug] [2026-06-16T10:04:50.522Z] Checked if tokens are valid: true, expires at: 1781607414899
[debug] [2026-06-16T10:04:50.523Z] Checked if tokens are valid: true, expires at: 1781607414899
[debug] [2026-06-16T10:04:50.523Z] Checked if tokens are valid: true, expires at: 1781607414899
[debug] [2026-06-16T10:04:50.523Z] Checked if tokens are valid: true, expires at: 1781607414899
[debug] [2026-06-16T10:04:50.523Z] Checked if tokens are valid: true, expires at: 1781607414899
[debug] [2026-06-16T10:04:50.523Z] Checked if tokens are valid: true, expires at: 1781607414899
[debug] [2026-06-16T10:04:50.523Z] Checked if tokens are valid: true, expires at: 1781607414899
[debug] [2026-06-16T10:04:50.523Z] Checked if tokens are valid: true, expires at: 1781607414899
[debug] [2026-06-16T10:04:50.524Z] Checked if tokens are valid: true, expires at: 1781607414899
[debug] [2026-06-16T10:04:50.524Z] Checked if tokens are valid: true, expires at: 1781607414899
[debug] [2026-06-16T10:04:50.524Z] Checked if tokens are valid: true, expires at: 1781607414899
[debug] [2026-06-16T10:04:50.524Z] Checked if tokens are valid: true, expires at: 1781607414899
[debug] [2026-06-16T10:04:50.524Z] Checked if tokens are valid: true, expires at: 1781607414899
[debug] [2026-06-16T10:04:50.524Z] Checked if tokens are valid: true, expires at: 1781607414899
[debug] [2026-06-16T10:04:50.524Z] Checked if tokens are valid: true, expires at: 1781607414899
[debug] [2026-06-16T10:04:50.524Z] Checked if tokens are valid: true, expires at: 1781607414899
[debug] [2026-06-16T10:04:50.525Z] Checked if tokens are valid: true, expires at: 1781607414899
[debug] [2026-06-16T10:04:50.525Z] Checked if tokens are valid: true, expires at: 1781607414899
[debug] [2026-06-16T10:04:50.525Z] Checked if tokens are valid: true, expires at: 1781607414899
[debug] [2026-06-16T10:04:50.525Z] Checked if tokens are valid: true, expires at: 1781607414899
[debug] [2026-06-16T10:04:50.525Z] Checked if tokens are valid: true, expires at: 1781607414899
[debug] [2026-06-16T10:04:50.525Z] Checked if tokens are valid: true, expires at: 1781607414899
[debug] [2026-06-16T10:04:50.525Z] Checked if tokens are valid: true, expires at: 1781607414899
[debug] [2026-06-16T10:04:50.525Z] Checked if tokens are valid: true, expires at: 1781607414899
[debug] [2026-06-16T10:04:50.526Z] Checked if tokens are valid: true, expires at: 1781607414899
[debug] [2026-06-16T10:04:50.526Z] Checked if tokens are valid: true, expires at: 1781607414899
[debug] [2026-06-16T10:04:50.526Z] Checked if tokens are valid: true, expires at: 1781607414899
[debug] [2026-06-16T10:04:50.526Z] Checked if tokens are valid: true, expires at: 1781607414899
[debug] [2026-06-16T10:04:50.526Z] Checked if tokens are valid: true, expires at: 1781607414899
[debug] [2026-06-16T10:04:50.526Z] Checked if tokens are valid: true, expires at: 1781607414899
[debug] [2026-06-16T10:04:50.526Z] Checked if tokens are valid: true, expires at: 1781607414899
[debug] [2026-06-16T10:04:50.526Z] Checked if tokens are valid: true, expires at: 1781607414899
[debug] [2026-06-16T10:04:50.526Z] Checked if tokens are valid: true, expires at: 1781607414899
[debug] [2026-06-16T10:04:50.526Z] Checked if tokens are valid: true, expires at: 1781607414899
[debug] [2026-06-16T10:04:50.526Z] Checked if tokens are valid: true, expires at: 1781607414899
[debug] [2026-06-16T10:04:50.526Z] Checked if tokens are valid: true, expires at: 1781607414899
[debug] [2026-06-16T10:04:50.527Z] Checked if tokens are valid: true, expires at: 1781607414899
[debug] [2026-06-16T10:04:50.527Z] Checked if tokens are valid: true, expires at: 1781607414899
[debug] [2026-06-16T10:04:50.527Z] Checked if tokens are valid: true, expires at: 1781607414899
[debug] [2026-06-16T10:04:50.527Z] Checked if tokens are valid: true, expires at: 1781607414899
[debug] [2026-06-16T10:04:50.527Z] Checked if tokens are valid: true, expires at: 1781607414899
[debug] [2026-06-16T10:04:50.527Z] Checked if tokens are valid: true, expires at: 1781607414899
[debug] [2026-06-16T10:04:50.527Z] Checked if tokens are valid: true, expires at: 1781607414899
[debug] [2026-06-16T10:04:50.527Z] Checked if tokens are valid: true, expires at: 1781607414899
[debug] [2026-06-16T10:04:50.527Z] Checked if tokens are valid: true, expires at: 1781607414899
[debug] [2026-06-16T10:04:50.527Z] Checked if tokens are valid: true, expires at: 1781607414899
[debug] [2026-06-16T10:04:50.527Z] Checked if tokens are valid: true, expires at: 1781607414899
[debug] [2026-06-16T10:04:50.527Z] Checked if tokens are valid: true, expires at: 1781607414899
[debug] [2026-06-16T10:04:50.527Z] Checked if tokens are valid: true, expires at: 1781607414899
[debug] [2026-06-16T10:04:50.527Z] Checked if tokens are valid: true, expires at: 1781607414899
[debug] [2026-06-16T10:04:50.528Z] >>> [apiv2][query] POST https://upload-firebasehosting.googleapis.com/upload/sites/edulink-c7b45/versions/a9ddd7a5aec49ccb/files/fa648a02ac93e791b4c3164e7db70d80406da9e5cc128d3d79a16747bb83b0c6 [none]
[debug] [2026-06-16T10:04:50.528Z] >>> [apiv2][body] POST https://upload-firebasehosting.googleapis.com/upload/sites/edulink-c7b45/versions/a9ddd7a5aec49ccb/files/fa648a02ac93e791b4c3164e7db70d80406da9e5cc128d3d79a16747bb83b0c6 [stream]
[debug] [2026-06-16T10:04:50.529Z] >>> [apiv2][query] POST https://upload-firebasehosting.googleapis.com/upload/sites/edulink-c7b45/versions/a9ddd7a5aec49ccb/files/979aef588e7235d30d163a3303ccdf8b519191b61062d05328ca4e52ad6f660a [none]
[debug] [2026-06-16T10:04:50.529Z] >>> [apiv2][body] POST https://upload-firebasehosting.googleapis.com/upload/sites/edulink-c7b45/versions/a9ddd7a5aec49ccb/files/979aef588e7235d30d163a3303ccdf8b519191b61062d05328ca4e52ad6f660a [stream]
[debug] [2026-06-16T10:04:50.531Z] >>> [apiv2][query] POST https://upload-firebasehosting.googleapis.com/upload/sites/edulink-c7b45/versions/a9ddd7a5aec49ccb/files/a7084373715d32dc9b94826b09b52921dbd06fce60fe0f2d14673133d889186c [none]
[debug] [2026-06-16T10:04:50.531Z] >>> [apiv2][body] POST https://upload-firebasehosting.googleapis.com/upload/sites/edulink-c7b45/versions/a9ddd7a5aec49ccb/files/a7084373715d32dc9b94826b09b52921dbd06fce60fe0f2d14673133d889186c [stream]
[debug] [2026-06-16T10:04:50.531Z] >>> [apiv2][query] POST https://upload-firebasehosting.googleapis.com/upload/sites/edulink-c7b45/versions/a9ddd7a5aec49ccb/files/bd387273614475177d7a6539b34e3ba98968c1d22284b1d976138cc0e3f5fce9 [none]
[debug] [2026-06-16T10:04:50.531Z] >>> [apiv2][body] POST https://upload-firebasehosting.googleapis.com/upload/sites/edulink-c7b45/versions/a9ddd7a5aec49ccb/files/bd387273614475177d7a6539b34e3ba98968c1d22284b1d976138cc0e3f5fce9 [stream]
[debug] [2026-06-16T10:04:50.532Z] >>> [apiv2][query] POST https://upload-firebasehosting.googleapis.com/upload/sites/edulink-c7b45/versions/a9ddd7a5aec49ccb/files/5accb14bd4af5ee078c9e6d883d8b8b989a44e0a423063e5615fb3e34d68fc59 [none]
[debug] [2026-06-16T10:04:50.532Z] >>> [apiv2][body] POST https://upload-firebasehosting.googleapis.com/upload/sites/edulink-c7b45/versions/a9ddd7a5aec49ccb/files/5accb14bd4af5ee078c9e6d883d8b8b989a44e0a423063e5615fb3e34d68fc59 [stream]
[debug] [2026-06-16T10:04:50.532Z] >>> [apiv2][query] POST https://upload-firebasehosting.googleapis.com/upload/sites/edulink-c7b45/versions/a9ddd7a5aec49ccb/files/72e3762f4cb2e433fcb9ac0d628332cf9de601b86ebabca88e2da5469624546b [none]
[debug] [2026-06-16T10:04:50.533Z] >>> [apiv2][body] POST https://upload-firebasehosting.googleapis.com/upload/sites/edulink-c7b45/versions/a9ddd7a5aec49ccb/files/72e3762f4cb2e433fcb9ac0d628332cf9de601b86ebabca88e2da5469624546b [stream]
[debug] [2026-06-16T10:04:50.533Z] >>> [apiv2][query] POST https://upload-firebasehosting.googleapis.com/upload/sites/edulink-c7b45/versions/a9ddd7a5aec49ccb/files/5e8c81df90d3609c698bfb181cb82a46fa458f1bdf59de223ab842ff14b44d50 [none]
[debug] [2026-06-16T10:04:50.533Z] >>> [apiv2][body] POST https://upload-firebasehosting.googleapis.com/upload/sites/edulink-c7b45/versions/a9ddd7a5aec49ccb/files/5e8c81df90d3609c698bfb181cb82a46fa458f1bdf59de223ab842ff14b44d50 [stream]
[debug] [2026-06-16T10:04:50.533Z] >>> [apiv2][query] POST https://upload-firebasehosting.googleapis.com/upload/sites/edulink-c7b45/versions/a9ddd7a5aec49ccb/files/c374391cecc953597d9b0cd320428389a7891b1e73b5a275aac727c745b4a90c [none]
[debug] [2026-06-16T10:04:50.533Z] >>> [apiv2][body] POST https://upload-firebasehosting.googleapis.com/upload/sites/edulink-c7b45/versions/a9ddd7a5aec49ccb/files/c374391cecc953597d9b0cd320428389a7891b1e73b5a275aac727c745b4a90c [stream]
[debug] [2026-06-16T10:04:50.533Z] >>> [apiv2][query] POST https://upload-firebasehosting.googleapis.com/upload/sites/edulink-c7b45/versions/a9ddd7a5aec49ccb/files/0ee9ecfbe23496beeec823dc6d3092083128feaa0670a75d30c06ec7bacda0fd [none]
[debug] [2026-06-16T10:04:50.533Z] >>> [apiv2][body] POST https://upload-firebasehosting.googleapis.com/upload/sites/edulink-c7b45/versions/a9ddd7a5aec49ccb/files/0ee9ecfbe23496beeec823dc6d3092083128feaa0670a75d30c06ec7bacda0fd [stream]
[debug] [2026-06-16T10:04:50.534Z] >>> [apiv2][query] POST https://upload-firebasehosting.googleapis.com/upload/sites/edulink-c7b45/versions/a9ddd7a5aec49ccb/files/b84a01ff10254f5846af022bce4137518fd846615bd309f7b266a3c34321a373 [none]
[debug] [2026-06-16T10:04:50.534Z] >>> [apiv2][body] POST https://upload-firebasehosting.googleapis.com/upload/sites/edulink-c7b45/versions/a9ddd7a5aec49ccb/files/b84a01ff10254f5846af022bce4137518fd846615bd309f7b266a3c34321a373 [stream]
[debug] [2026-06-16T10:04:50.534Z] >>> [apiv2][query] POST https://upload-firebasehosting.googleapis.com/upload/sites/edulink-c7b45/versions/a9ddd7a5aec49ccb/files/e465e7a446a051dea68266f997e2a1b77ffdf76d77961292525027d0579450cb [none]
[debug] [2026-06-16T10:04:50.534Z] >>> [apiv2][body] POST https://upload-firebasehosting.googleapis.com/upload/sites/edulink-c7b45/versions/a9ddd7a5aec49ccb/files/e465e7a446a051dea68266f997e2a1b77ffdf76d77961292525027d0579450cb [stream]
[debug] [2026-06-16T10:04:50.534Z] >>> [apiv2][query] POST https://upload-firebasehosting.googleapis.com/upload/sites/edulink-c7b45/versions/a9ddd7a5aec49ccb/files/3b12d310b7579e585b67325382b39cf6f56639180b614f5f1e3764695f446789 [none]
[debug] [2026-06-16T10:04:50.534Z] >>> [apiv2][body] POST https://upload-firebasehosting.googleapis.com/upload/sites/edulink-c7b45/versions/a9ddd7a5aec49ccb/files/3b12d310b7579e585b67325382b39cf6f56639180b614f5f1e3764695f446789 [stream]
[debug] [2026-06-16T10:04:50.535Z] >>> [apiv2][query] POST https://upload-firebasehosting.googleapis.com/upload/sites/edulink-c7b45/versions/a9ddd7a5aec49ccb/files/1f8cd0dade256ebfd2cfe01fdfe7d7a6def07e42afcf5a0762cede9786ab9591 [none]
[debug] [2026-06-16T10:04:50.535Z] >>> [apiv2][body] POST https://upload-firebasehosting.googleapis.com/upload/sites/edulink-c7b45/versions/a9ddd7a5aec49ccb/files/1f8cd0dade256ebfd2cfe01fdfe7d7a6def07e42afcf5a0762cede9786ab9591 [stream]
[debug] [2026-06-16T10:04:50.535Z] >>> [apiv2][query] POST https://upload-firebasehosting.googleapis.com/upload/sites/edulink-c7b45/versions/a9ddd7a5aec49ccb/files/9d43a87c66aefb8bc56e4134d562b6a43afb52bc2bb79c4ee336e2dc92bcfb99 [none]
[debug] [2026-06-16T10:04:50.535Z] >>> [apiv2][body] POST https://upload-firebasehosting.googleapis.com/upload/sites/edulink-c7b45/versions/a9ddd7a5aec49ccb/files/9d43a87c66aefb8bc56e4134d562b6a43afb52bc2bb79c4ee336e2dc92bcfb99 [stream]
[debug] [2026-06-16T10:04:50.535Z] >>> [apiv2][query] POST https://upload-firebasehosting.googleapis.com/upload/sites/edulink-c7b45/versions/a9ddd7a5aec49ccb/files/38b437ba401b95a0005c04dc7b29995fdf8526143223266212e8956c475ff076 [none]
[debug] [2026-06-16T10:04:50.535Z] >>> [apiv2][body] POST https://upload-firebasehosting.googleapis.com/upload/sites/edulink-c7b45/versions/a9ddd7a5aec49ccb/files/38b437ba401b95a0005c04dc7b29995fdf8526143223266212e8956c475ff076 [stream]
[debug] [2026-06-16T10:04:50.535Z] >>> [apiv2][query] POST https://upload-firebasehosting.googleapis.com/upload/sites/edulink-c7b45/versions/a9ddd7a5aec49ccb/files/7895fb115a747803c7c5583b2c7f3b360f11c6604481416d26ce9026ad060b25 [none]
[debug] [2026-06-16T10:04:50.535Z] >>> [apiv2][body] POST https://upload-firebasehosting.googleapis.com/upload/sites/edulink-c7b45/versions/a9ddd7a5aec49ccb/files/7895fb115a747803c7c5583b2c7f3b360f11c6604481416d26ce9026ad060b25 [stream]
[debug] [2026-06-16T10:04:50.536Z] >>> [apiv2][query] POST https://upload-firebasehosting.googleapis.com/upload/sites/edulink-c7b45/versions/a9ddd7a5aec49ccb/files/d8156f592c7da871adb415cfec6829fc5bc31375cf6e7673cfc1c821008ac3d8 [none]
[debug] [2026-06-16T10:04:50.536Z] >>> [apiv2][body] POST https://upload-firebasehosting.googleapis.com/upload/sites/edulink-c7b45/versions/a9ddd7a5aec49ccb/files/d8156f592c7da871adb415cfec6829fc5bc31375cf6e7673cfc1c821008ac3d8 [stream]
[debug] [2026-06-16T10:04:50.536Z] >>> [apiv2][query] POST https://upload-firebasehosting.googleapis.com/upload/sites/edulink-c7b45/versions/a9ddd7a5aec49ccb/files/66563c1fa3fc290c1e87b87bb980502edfc201ac0c618f9c2a3eca548459ae94 [none]
[debug] [2026-06-16T10:04:50.536Z] >>> [apiv2][body] POST https://upload-firebasehosting.googleapis.com/upload/sites/edulink-c7b45/versions/a9ddd7a5aec49ccb/files/66563c1fa3fc290c1e87b87bb980502edfc201ac0c618f9c2a3eca548459ae94 [stream]
[debug] [2026-06-16T10:04:50.536Z] >>> [apiv2][query] POST https://upload-firebasehosting.googleapis.com/upload/sites/edulink-c7b45/versions/a9ddd7a5aec49ccb/files/3ce8be3e774b7020514eb1d1da8b75cad12544559cabe45ea972a3cbe40f4283 [none]
[debug] [2026-06-16T10:04:50.536Z] >>> [apiv2][body] POST https://upload-firebasehosting.googleapis.com/upload/sites/edulink-c7b45/versions/a9ddd7a5aec49ccb/files/3ce8be3e774b7020514eb1d1da8b75cad12544559cabe45ea972a3cbe40f4283 [stream]
[debug] [2026-06-16T10:04:50.536Z] >>> [apiv2][query] POST https://upload-firebasehosting.googleapis.com/upload/sites/edulink-c7b45/versions/a9ddd7a5aec49ccb/files/2bd4e152c3810ba3dce9d4edd99aa68e37a8d3474c59655dd01bc3a257125dfd [none]
[debug] [2026-06-16T10:04:50.536Z] >>> [apiv2][body] POST https://upload-firebasehosting.googleapis.com/upload/sites/edulink-c7b45/versions/a9ddd7a5aec49ccb/files/2bd4e152c3810ba3dce9d4edd99aa68e37a8d3474c59655dd01bc3a257125dfd [stream]
[debug] [2026-06-16T10:04:50.536Z] >>> [apiv2][query] POST https://upload-firebasehosting.googleapis.com/upload/sites/edulink-c7b45/versions/a9ddd7a5aec49ccb/files/bb6a01a4eca7a1a39da77417f266a86ffa47a549836c7d468276fd93bc60729c [none]
[debug] [2026-06-16T10:04:50.537Z] >>> [apiv2][body] POST https://upload-firebasehosting.googleapis.com/upload/sites/edulink-c7b45/versions/a9ddd7a5aec49ccb/files/bb6a01a4eca7a1a39da77417f266a86ffa47a549836c7d468276fd93bc60729c [stream]
[debug] [2026-06-16T10:04:50.537Z] >>> [apiv2][query] POST https://upload-firebasehosting.googleapis.com/upload/sites/edulink-c7b45/versions/a9ddd7a5aec49ccb/files/208e6aa59b42d682a1e79396d6f46d36ef52acd482196b108eaec03e2d29f927 [none]
[debug] [2026-06-16T10:04:50.537Z] >>> [apiv2][body] POST https://upload-firebasehosting.googleapis.com/upload/sites/edulink-c7b45/versions/a9ddd7a5aec49ccb/files/208e6aa59b42d682a1e79396d6f46d36ef52acd482196b108eaec03e2d29f927 [stream]
[debug] [2026-06-16T10:04:50.537Z] >>> [apiv2][query] POST https://upload-firebasehosting.googleapis.com/upload/sites/edulink-c7b45/versions/a9ddd7a5aec49ccb/files/a44a52baeda0e926e81740591a93a199b9c3cb55e1aff8f58c7f3d794449830f [none]
[debug] [2026-06-16T10:04:50.537Z] >>> [apiv2][body] POST https://upload-firebasehosting.googleapis.com/upload/sites/edulink-c7b45/versions/a9ddd7a5aec49ccb/files/a44a52baeda0e926e81740591a93a199b9c3cb55e1aff8f58c7f3d794449830f [stream]
[debug] [2026-06-16T10:04:50.537Z] >>> [apiv2][query] POST https://upload-firebasehosting.googleapis.com/upload/sites/edulink-c7b45/versions/a9ddd7a5aec49ccb/files/08b94c27f6a58e1c50155021f79bec8a3bed20109353b34fa0fba58d502ce50a [none]
[debug] [2026-06-16T10:04:50.537Z] >>> [apiv2][body] POST https://upload-firebasehosting.googleapis.com/upload/sites/edulink-c7b45/versions/a9ddd7a5aec49ccb/files/08b94c27f6a58e1c50155021f79bec8a3bed20109353b34fa0fba58d502ce50a [stream]
[debug] [2026-06-16T10:04:50.537Z] >>> [apiv2][query] POST https://upload-firebasehosting.googleapis.com/upload/sites/edulink-c7b45/versions/a9ddd7a5aec49ccb/files/2e15a638a1bcfd5a2f3f2325a8f8e41f70f5627f1497b32787f97c3483c7a127 [none]
[debug] [2026-06-16T10:04:50.537Z] >>> [apiv2][body] POST https://upload-firebasehosting.googleapis.com/upload/sites/edulink-c7b45/versions/a9ddd7a5aec49ccb/files/2e15a638a1bcfd5a2f3f2325a8f8e41f70f5627f1497b32787f97c3483c7a127 [stream]
[debug] [2026-06-16T10:04:50.538Z] >>> [apiv2][query] POST https://upload-firebasehosting.googleapis.com/upload/sites/edulink-c7b45/versions/a9ddd7a5aec49ccb/files/215c4c2083a47072c22577a4f0e8b4f11c866194a4c42e6cd0d578433f7b7c94 [none]
[debug] [2026-06-16T10:04:50.538Z] >>> [apiv2][body] POST https://upload-firebasehosting.googleapis.com/upload/sites/edulink-c7b45/versions/a9ddd7a5aec49ccb/files/215c4c2083a47072c22577a4f0e8b4f11c866194a4c42e6cd0d578433f7b7c94 [stream]
[debug] [2026-06-16T10:04:50.538Z] [hosting][populate queue][FINAL] {"max":1180,"min":1180,"avg":1180,"active":0,"complete":1,"success":1,"errored":0,"retried":0,"total":1,"elapsed":1190}
[debug] [2026-06-16T10:04:50.538Z] [hosting] uploads queued: 26
[info] i  hosting: uploading new files [0/26] (0%) 
[debug] [2026-06-16T10:04:51.935Z] <<< [apiv2][status] POST https://upload-firebasehosting.googleapis.com/upload/sites/edulink-c7b45/versions/a9ddd7a5aec49ccb/files/b84a01ff10254f5846af022bce4137518fd846615bd309f7b266a3c34321a373 200
[debug] [2026-06-16T10:04:51.935Z] <<< [apiv2][body] POST https://upload-firebasehosting.googleapis.com/upload/sites/edulink-c7b45/versions/a9ddd7a5aec49ccb/files/b84a01ff10254f5846af022bce4137518fd846615bd309f7b266a3c34321a373 [stream]
[debug] [2026-06-16T10:04:51.945Z] <<< [apiv2][status] POST https://upload-firebasehosting.googleapis.com/upload/sites/edulink-c7b45/versions/a9ddd7a5aec49ccb/files/1f8cd0dade256ebfd2cfe01fdfe7d7a6def07e42afcf5a0762cede9786ab9591 200
[debug] [2026-06-16T10:04:51.945Z] <<< [apiv2][body] POST https://upload-firebasehosting.googleapis.com/upload/sites/edulink-c7b45/versions/a9ddd7a5aec49ccb/files/1f8cd0dade256ebfd2cfe01fdfe7d7a6def07e42afcf5a0762cede9786ab9591 [stream]
[debug] [2026-06-16T10:04:51.960Z] <<< [apiv2][status] POST https://upload-firebasehosting.googleapis.com/upload/sites/edulink-c7b45/versions/a9ddd7a5aec49ccb/files/66563c1fa3fc290c1e87b87bb980502edfc201ac0c618f9c2a3eca548459ae94 200
[debug] [2026-06-16T10:04:51.960Z] <<< [apiv2][body] POST https://upload-firebasehosting.googleapis.com/upload/sites/edulink-c7b45/versions/a9ddd7a5aec49ccb/files/66563c1fa3fc290c1e87b87bb980502edfc201ac0c618f9c2a3eca548459ae94 [stream]
[debug] [2026-06-16T10:04:51.975Z] <<< [apiv2][status] POST https://upload-firebasehosting.googleapis.com/upload/sites/edulink-c7b45/versions/a9ddd7a5aec49ccb/files/72e3762f4cb2e433fcb9ac0d628332cf9de601b86ebabca88e2da5469624546b 200
[debug] [2026-06-16T10:04:51.975Z] <<< [apiv2][body] POST https://upload-firebasehosting.googleapis.com/upload/sites/edulink-c7b45/versions/a9ddd7a5aec49ccb/files/72e3762f4cb2e433fcb9ac0d628332cf9de601b86ebabca88e2da5469624546b [stream]
[debug] [2026-06-16T10:04:51.977Z] <<< [apiv2][status] POST https://upload-firebasehosting.googleapis.com/upload/sites/edulink-c7b45/versions/a9ddd7a5aec49ccb/files/bd387273614475177d7a6539b34e3ba98968c1d22284b1d976138cc0e3f5fce9 200
[debug] [2026-06-16T10:04:51.977Z] <<< [apiv2][body] POST https://upload-firebasehosting.googleapis.com/upload/sites/edulink-c7b45/versions/a9ddd7a5aec49ccb/files/bd387273614475177d7a6539b34e3ba98968c1d22284b1d976138cc0e3f5fce9 [stream]
[debug] [2026-06-16T10:04:51.979Z] <<< [apiv2][status] POST https://upload-firebasehosting.googleapis.com/upload/sites/edulink-c7b45/versions/a9ddd7a5aec49ccb/files/c374391cecc953597d9b0cd320428389a7891b1e73b5a275aac727c745b4a90c 200
[debug] [2026-06-16T10:04:51.979Z] <<< [apiv2][body] POST https://upload-firebasehosting.googleapis.com/upload/sites/edulink-c7b45/versions/a9ddd7a5aec49ccb/files/c374391cecc953597d9b0cd320428389a7891b1e73b5a275aac727c745b4a90c [stream]
[debug] [2026-06-16T10:04:51.996Z] <<< [apiv2][status] POST https://upload-firebasehosting.googleapis.com/upload/sites/edulink-c7b45/versions/a9ddd7a5aec49ccb/files/0ee9ecfbe23496beeec823dc6d3092083128feaa0670a75d30c06ec7bacda0fd 200
[debug] [2026-06-16T10:04:51.996Z] <<< [apiv2][body] POST https://upload-firebasehosting.googleapis.com/upload/sites/edulink-c7b45/versions/a9ddd7a5aec49ccb/files/0ee9ecfbe23496beeec823dc6d3092083128feaa0670a75d30c06ec7bacda0fd [stream]
[debug] [2026-06-16T10:04:52.013Z] <<< [apiv2][status] POST https://upload-firebasehosting.googleapis.com/upload/sites/edulink-c7b45/versions/a9ddd7a5aec49ccb/files/a44a52baeda0e926e81740591a93a199b9c3cb55e1aff8f58c7f3d794449830f 200
[debug] [2026-06-16T10:04:52.013Z] <<< [apiv2][body] POST https://upload-firebasehosting.googleapis.com/upload/sites/edulink-c7b45/versions/a9ddd7a5aec49ccb/files/a44a52baeda0e926e81740591a93a199b9c3cb55e1aff8f58c7f3d794449830f [stream]
[debug] [2026-06-16T10:04:52.014Z] <<< [apiv2][status] POST https://upload-firebasehosting.googleapis.com/upload/sites/edulink-c7b45/versions/a9ddd7a5aec49ccb/files/7895fb115a747803c7c5583b2c7f3b360f11c6604481416d26ce9026ad060b25 200
[debug] [2026-06-16T10:04:52.014Z] <<< [apiv2][body] POST https://upload-firebasehosting.googleapis.com/upload/sites/edulink-c7b45/versions/a9ddd7a5aec49ccb/files/7895fb115a747803c7c5583b2c7f3b360f11c6604481416d26ce9026ad060b25 [stream]
[debug] [2026-06-16T10:04:52.037Z] <<< [apiv2][status] POST https://upload-firebasehosting.googleapis.com/upload/sites/edulink-c7b45/versions/a9ddd7a5aec49ccb/files/208e6aa59b42d682a1e79396d6f46d36ef52acd482196b108eaec03e2d29f927 200
[debug] [2026-06-16T10:04:52.037Z] <<< [apiv2][body] POST https://upload-firebasehosting.googleapis.com/upload/sites/edulink-c7b45/versions/a9ddd7a5aec49ccb/files/208e6aa59b42d682a1e79396d6f46d36ef52acd482196b108eaec03e2d29f927 [stream]
[debug] [2026-06-16T10:04:52.051Z] <<< [apiv2][status] POST https://upload-firebasehosting.googleapis.com/upload/sites/edulink-c7b45/versions/a9ddd7a5aec49ccb/files/a7084373715d32dc9b94826b09b52921dbd06fce60fe0f2d14673133d889186c 200
[debug] [2026-06-16T10:04:52.051Z] <<< [apiv2][body] POST https://upload-firebasehosting.googleapis.com/upload/sites/edulink-c7b45/versions/a9ddd7a5aec49ccb/files/a7084373715d32dc9b94826b09b52921dbd06fce60fe0f2d14673133d889186c [stream]
[debug] [2026-06-16T10:04:52.068Z] <<< [apiv2][status] POST https://upload-firebasehosting.googleapis.com/upload/sites/edulink-c7b45/versions/a9ddd7a5aec49ccb/files/215c4c2083a47072c22577a4f0e8b4f11c866194a4c42e6cd0d578433f7b7c94 200
[debug] [2026-06-16T10:04:52.068Z] <<< [apiv2][body] POST https://upload-firebasehosting.googleapis.com/upload/sites/edulink-c7b45/versions/a9ddd7a5aec49ccb/files/215c4c2083a47072c22577a4f0e8b4f11c866194a4c42e6cd0d578433f7b7c94 [stream]
[debug] [2026-06-16T10:04:52.093Z] <<< [apiv2][status] POST https://upload-firebasehosting.googleapis.com/upload/sites/edulink-c7b45/versions/a9ddd7a5aec49ccb/files/08b94c27f6a58e1c50155021f79bec8a3bed20109353b34fa0fba58d502ce50a 200
[debug] [2026-06-16T10:04:52.093Z] <<< [apiv2][body] POST https://upload-firebasehosting.googleapis.com/upload/sites/edulink-c7b45/versions/a9ddd7a5aec49ccb/files/08b94c27f6a58e1c50155021f79bec8a3bed20109353b34fa0fba58d502ce50a [stream]
[debug] [2026-06-16T10:04:52.096Z] <<< [apiv2][status] POST https://upload-firebasehosting.googleapis.com/upload/sites/edulink-c7b45/versions/a9ddd7a5aec49ccb/files/3b12d310b7579e585b67325382b39cf6f56639180b614f5f1e3764695f446789 200
[debug] [2026-06-16T10:04:52.096Z] <<< [apiv2][body] POST https://upload-firebasehosting.googleapis.com/upload/sites/edulink-c7b45/versions/a9ddd7a5aec49ccb/files/3b12d310b7579e585b67325382b39cf6f56639180b614f5f1e3764695f446789 [stream]
[debug] [2026-06-16T10:04:52.104Z] <<< [apiv2][status] POST https://upload-firebasehosting.googleapis.com/upload/sites/edulink-c7b45/versions/a9ddd7a5aec49ccb/files/9d43a87c66aefb8bc56e4134d562b6a43afb52bc2bb79c4ee336e2dc92bcfb99 200
[debug] [2026-06-16T10:04:52.104Z] <<< [apiv2][body] POST https://upload-firebasehosting.googleapis.com/upload/sites/edulink-c7b45/versions/a9ddd7a5aec49ccb/files/9d43a87c66aefb8bc56e4134d562b6a43afb52bc2bb79c4ee336e2dc92bcfb99 [stream]
[debug] [2026-06-16T10:04:52.121Z] <<< [apiv2][status] POST https://upload-firebasehosting.googleapis.com/upload/sites/edulink-c7b45/versions/a9ddd7a5aec49ccb/files/5accb14bd4af5ee078c9e6d883d8b8b989a44e0a423063e5615fb3e34d68fc59 200
[debug] [2026-06-16T10:04:52.121Z] <<< [apiv2][body] POST https://upload-firebasehosting.googleapis.com/upload/sites/edulink-c7b45/versions/a9ddd7a5aec49ccb/files/5accb14bd4af5ee078c9e6d883d8b8b989a44e0a423063e5615fb3e34d68fc59 [stream]
[debug] [2026-06-16T10:04:52.311Z] <<< [apiv2][status] POST https://upload-firebasehosting.googleapis.com/upload/sites/edulink-c7b45/versions/a9ddd7a5aec49ccb/files/2bd4e152c3810ba3dce9d4edd99aa68e37a8d3474c59655dd01bc3a257125dfd 200
[debug] [2026-06-16T10:04:52.311Z] <<< [apiv2][body] POST https://upload-firebasehosting.googleapis.com/upload/sites/edulink-c7b45/versions/a9ddd7a5aec49ccb/files/2bd4e152c3810ba3dce9d4edd99aa68e37a8d3474c59655dd01bc3a257125dfd [stream]
[debug] [2026-06-16T10:04:52.311Z] <<< [apiv2][status] POST https://upload-firebasehosting.googleapis.com/upload/sites/edulink-c7b45/versions/a9ddd7a5aec49ccb/files/bb6a01a4eca7a1a39da77417f266a86ffa47a549836c7d468276fd93bc60729c 200
[debug] [2026-06-16T10:04:52.311Z] <<< [apiv2][body] POST https://upload-firebasehosting.googleapis.com/upload/sites/edulink-c7b45/versions/a9ddd7a5aec49ccb/files/bb6a01a4eca7a1a39da77417f266a86ffa47a549836c7d468276fd93bc60729c [stream]
[debug] [2026-06-16T10:04:52.312Z] <<< [apiv2][status] POST https://upload-firebasehosting.googleapis.com/upload/sites/edulink-c7b45/versions/a9ddd7a5aec49ccb/files/3ce8be3e774b7020514eb1d1da8b75cad12544559cabe45ea972a3cbe40f4283 200
[debug] [2026-06-16T10:04:52.312Z] <<< [apiv2][body] POST https://upload-firebasehosting.googleapis.com/upload/sites/edulink-c7b45/versions/a9ddd7a5aec49ccb/files/3ce8be3e774b7020514eb1d1da8b75cad12544559cabe45ea972a3cbe40f4283 [stream]
[debug] [2026-06-16T10:04:52.312Z] <<< [apiv2][status] POST https://upload-firebasehosting.googleapis.com/upload/sites/edulink-c7b45/versions/a9ddd7a5aec49ccb/files/2e15a638a1bcfd5a2f3f2325a8f8e41f70f5627f1497b32787f97c3483c7a127 200
[debug] [2026-06-16T10:04:52.312Z] <<< [apiv2][body] POST https://upload-firebasehosting.googleapis.com/upload/sites/edulink-c7b45/versions/a9ddd7a5aec49ccb/files/2e15a638a1bcfd5a2f3f2325a8f8e41f70f5627f1497b32787f97c3483c7a127 [stream]
[debug] [2026-06-16T10:04:52.312Z] <<< [apiv2][status] POST https://upload-firebasehosting.googleapis.com/upload/sites/edulink-c7b45/versions/a9ddd7a5aec49ccb/files/d8156f592c7da871adb415cfec6829fc5bc31375cf6e7673cfc1c821008ac3d8 200
[debug] [2026-06-16T10:04:52.312Z] <<< [apiv2][body] POST https://upload-firebasehosting.googleapis.com/upload/sites/edulink-c7b45/versions/a9ddd7a5aec49ccb/files/d8156f592c7da871adb415cfec6829fc5bc31375cf6e7673cfc1c821008ac3d8 [stream]
[debug] [2026-06-16T10:04:52.312Z] <<< [apiv2][status] POST https://upload-firebasehosting.googleapis.com/upload/sites/edulink-c7b45/versions/a9ddd7a5aec49ccb/files/5e8c81df90d3609c698bfb181cb82a46fa458f1bdf59de223ab842ff14b44d50 200
[debug] [2026-06-16T10:04:52.312Z] <<< [apiv2][body] POST https://upload-firebasehosting.googleapis.com/upload/sites/edulink-c7b45/versions/a9ddd7a5aec49ccb/files/5e8c81df90d3609c698bfb181cb82a46fa458f1bdf59de223ab842ff14b44d50 [stream]
[debug] [2026-06-16T10:04:52.340Z] <<< [apiv2][status] POST https://upload-firebasehosting.googleapis.com/upload/sites/edulink-c7b45/versions/a9ddd7a5aec49ccb/files/979aef588e7235d30d163a3303ccdf8b519191b61062d05328ca4e52ad6f660a 200
[debug] [2026-06-16T10:04:52.340Z] <<< [apiv2][body] POST https://upload-firebasehosting.googleapis.com/upload/sites/edulink-c7b45/versions/a9ddd7a5aec49ccb/files/979aef588e7235d30d163a3303ccdf8b519191b61062d05328ca4e52ad6f660a [stream]
[debug] [2026-06-16T10:04:52.370Z] <<< [apiv2][status] POST https://upload-firebasehosting.googleapis.com/upload/sites/edulink-c7b45/versions/a9ddd7a5aec49ccb/files/fa648a02ac93e791b4c3164e7db70d80406da9e5cc128d3d79a16747bb83b0c6 200
[debug] [2026-06-16T10:04:52.370Z] <<< [apiv2][body] POST https://upload-firebasehosting.googleapis.com/upload/sites/edulink-c7b45/versions/a9ddd7a5aec49ccb/files/fa648a02ac93e791b4c3164e7db70d80406da9e5cc128d3d79a16747bb83b0c6 [stream]
[debug] [2026-06-16T10:04:52.376Z] <<< [apiv2][status] POST https://upload-firebasehosting.googleapis.com/upload/sites/edulink-c7b45/versions/a9ddd7a5aec49ccb/files/38b437ba401b95a0005c04dc7b29995fdf8526143223266212e8956c475ff076 200
[debug] [2026-06-16T10:04:52.376Z] <<< [apiv2][body] POST https://upload-firebasehosting.googleapis.com/upload/sites/edulink-c7b45/versions/a9ddd7a5aec49ccb/files/38b437ba401b95a0005c04dc7b29995fdf8526143223266212e8956c475ff076 [stream]
[debug] [2026-06-16T10:04:52.465Z] <<< [apiv2][status] POST https://upload-firebasehosting.googleapis.com/upload/sites/edulink-c7b45/versions/a9ddd7a5aec49ccb/files/e465e7a446a051dea68266f997e2a1b77ffdf76d77961292525027d0579450cb 200
[debug] [2026-06-16T10:04:52.465Z] <<< [apiv2][body] POST https://upload-firebasehosting.googleapis.com/upload/sites/edulink-c7b45/versions/a9ddd7a5aec49ccb/files/e465e7a446a051dea68266f997e2a1b77ffdf76d77961292525027d0579450cb [stream]
[debug] [2026-06-16T10:04:52.465Z] [hosting][upload queue][FINAL] {"max":1940,"min":1411,"avg":1620.8076923076924,"active":0,"complete":26,"success":26,"errored":0,"retried":0,"total":26,"elapsed":1944}
[info] i  hosting: upload complete 
[info] ✔  hosting[edulink-c7b45]: file upload complete 
[debug] [2026-06-16T10:04:52.466Z] [hosting] deploy completed after 3147ms
[info] i  hosting[edulink-teacher]: beginning deploy... 
[info] i  hosting[edulink-teacher]: found 50 files in edulink-teacher/out 
[debug] [2026-06-16T10:04:52.475Z] [hosting] uploading with 200 concurrency
[debug] [2026-06-16T10:04:52.498Z] Checked if tokens are valid: true, expires at: 1781607414899
[debug] [2026-06-16T10:04:52.498Z] Checked if tokens are valid: true, expires at: 1781607414899
[debug] [2026-06-16T10:04:52.499Z] [hosting] hash cache [ZWR1bGluay10ZWFjaGVyL291dA] stored for 50 files
[debug] [2026-06-16T10:04:52.499Z] [hosting][hash queue][FINAL] {"max":19,"min":7,"avg":7.94,"active":0,"complete":50,"success":50,"errored":0,"retried":0,"total":50,"elapsed":22}
[debug] [2026-06-16T10:04:52.499Z] >>> [apiv2][query] POST https://firebasehosting.googleapis.com/v1beta1/projects/746674100825/sites/edulink-teacher/versions/6fc9e4429493551f:populateFiles [none]
[debug] [2026-06-16T10:04:52.499Z] >>> [apiv2][body] POST https://firebasehosting.googleapis.com/v1beta1/projects/746674100825/sites/edulink-teacher/versions/6fc9e4429493551f:populateFiles {"files":{"/dashboard.txt":"93a78d90faf020c85448eb41100eb1e41ade34d956bb4cecd65d889f99ea387b","/dashboard/schedule.txt":"d09378895c077cab49685212e8c07277ba6de33092c7b068e0f360f0dfb9d020","/login.txt":"4fb915be2186e491cf457275b63860f1e9d84cfda6f1310b028cc7a3c9478022","/404.html":"57a8077c1269487b7fc676a33343d7cb7b27ad07925eb3a2ead6f9d0f03d4b47","/index.html":"70e1640ff7bcc4601854b009332786678af6a2db86675c82324875148f8c9932","/dashboard.html":"d50fde037f792d92fbe6f06327e22da8ffb7c1be16bc1c055748d9d6cd83568c","/dashboard/reviews.txt":"3e8f320e5b74377e94429127435d94ee8bff9e1487f1dd2b3e31252011e10820","/dashboard/schedule.html":"0bc07b9d6aeb6420d2e316c41be72d35af7f5dc8fccd5fe82500068a6c108e71","/index.txt":"b28c8c4706710d3002b5f273e9d646112e29a654e4ccce07ae3ac769ae8e0039","/dashboard/profile.txt":"5dad731d118db067bff47719dbd967f0b89f4065bf2b504adb4e888c0dff5456","/login.html":"362390eeb2cac3c776c2b39a4d465588523ed11ef18495da3d102d0f9192974b","/dashboard/reviews.html":"fa817cd69ace0b10b687b93bf9aa5d05cd1c59d8e92f5f5f9757a17ccbea6c09","/dashboard/profile.html":"6d8a7069bf6559b6e1450f73852f38dc6296f6ac102167d950d0507092f066f9","/dashboard/messages.html":"deafcc0fff0c78664552a67ad13eb8dbe45aab9c19adb6f22e1443dce7f5f173","/dashboard/messages.txt":"1332696ea6cee02c791ae2c3a6329f67adcbcf4d5ef1c7449f42b6c66dce8d60","/dashboard/live-class.txt":"2cbfd6e828ebb7fd0f65c165e530cadaa23b9db8afa7402bd40956f24001488a","/_next/static/vQ2rApPRVp-9ReRrt4VTZ/_buildManifest.js":"f46b17d6e2e887329d388286773626796e64b52f4cd965c9b0fe037e97f3ad58","/dashboard/earnings.txt":"b0330b3638115dce89b6b6f63ff8798e6d13656af4a0665f1571f388beececbd","/_next/static/vQ2rApPRVp-9ReRrt4VTZ/_ssgManifest.js":"02dbc1aeab6ef0a6ff2ff9a1643158cf9bb38929945eaa343a3627dee9ba6778","/dashboard/earnings.html":"a85d80c7e74ec25139ff90c8689f3a9a7dd821cb752da66091ce3ff1d583e32c","/_next/static/chunks/main-app-c7d9e880c89e74f1.js":"e01df4cc5f80ef4962cad2e22be6e21bf7e1275cac76f8a1a5ca0524699e2e2f","/dashboard/live-class.html":"f72251e1c6103df45807ebd8b5c45a19235decc8236bbb17e1ff288d754f6ae2","/_next/static/chunks/webpack-a3c37fcbf859f6f9.js":"3e4091e86b667c2b97ec916c11870221bd63376846183d507493b234f1cd4ce8","/_next/static/chunks/983-ddc0875e1deacc8f.js":"1f511f74c89595d8fa5e5f4a70dfc34fd7f4731040d0730961a1fc6894e2afd9","/_next/static/css/3baf88a7dfd02d80.css":"c38808b783ab2957cd19ad41cd53185c3b115278561fd1ec6710b3956a423723","/_next/static/chunks/789-af544d07258fc7a6.js":"c70d320327cfa76d0963f39a5f10dd3371e34e6fe44e85f8ab30f2c95f8e384d","/_next/static/chunks/pages/_error-7ba65e1336b92748.js":"0402d6340a70945d851b2d22e156d955fbee54c1d8ec8b379f35fd464a8d08bf","/_next/static/chunks/pages/_app-72b849fbd24ac258.js":"dae29acdf0128939e571909a9228115276818bce739f4d0f98c1da8ed68ba91d","/_next/static/chunks/app/page-0a8b9a7b052e6eac.js":"1182b9968a11922a956d0f11ad8ce3ce1a5f4f660b111cae5bd84fc13fbbf42b","/_next/static/chunks/app/layout-53418b3b077d503d.js":"108730632395ebb9ff549866724c6dc8a765bc3e1fb829f6fe9ca3fe26de2184","/_next/static/chunks/app/dashboard/layout-0d37eecd06bc8528.js":"d920bc48f131672c9d8d11e811d9a3212b6046968bf84abec51117f67454a196","/_next/static/chunks/app/login/page-f1293de3596646cc.js":"32291e34a79a44ebbbdc689deb71b2e024cda62f3fb1937b3794c2b739eaae5c","/_next/static/chunks/957-acc94d4df5f6eb4c.js":"f9c974028f60e12852abb9e4c9e61672516beb6715d13f33d90467372b21c75c","/_next/static/chunks/app/dashboard/reviews/page-f40592235959eee9.js":"03233db43a8613aba43bf4cef9fd9053f29363a79ff80ff25d5a89d3faed3eeb","/_next/static/chunks/210-44fa61c3f2db44ea.js":"f18d7f2db4c06bd66150a38d17c5df4fdbcd77f8c6ddf4ff32f75906ffba48f4","/_next/static/chunks/app/dashboard/page-05102544adec5aab.js":"4d8206653d34356b56d797bff7607458a3684f85bd4eee25acc2734af3e9aebe","/_next/static/chunks/app/dashboard/live-class/page-a6f4631c30ef8e78.js":"007298628155b5712ff43404e32e527f900c66d68e842e7cdc6622b5fb88c754","/_next/static/chunks/app/dashboard/schedule/page-aa024a7ef3036230.js":"f94eafb60bced7cbf0878164ae2e71261aa9e65c3a96ebfece33ca213ca0ab8c","/_next/static/chunks/app/dashboard/live-class/layout-1aa5a4c57e3bd723.js":"5c5e08709c80584059ecd59d3c2cd8ec912808fda93a9157d8ff4d4752a82440","/_next/static/chunks/app/dashboard/messages/page-2d1a5f7a0836420c.js":"316aac72c7ad03ac76767c74ea5e3db644f834c86d30401ccf2558d15ee34989","/_next/static/chunks/app/dashboard/profile/page-88b21d5cc1de01fd.js":"07209332520b8b407070e6a6651484f091bd8a06cc68f2a4a4a8aaccb41a5bbc","/_next/static/chunks/app/_not-found/page-99d06c3d9953061b.js":"504bc1f34b0c461bb98797647d0431fe5b881ea01030149db9ae83197965de92","/_next/static/chunks/app/dashboard/earnings/page-ac5b9536034476eb.js":"18f20579f5af306e29207126f14cf2e389233c9ecb23488acd86640f7ce1fa19","/logo.png":"c40ea844faa4c93fcba7947c9e36e5595bc3d6c9b3054c036df39352b11c6665","/_next/static/chunks/117-9d8fa7799e388dc3.js":"889a9d61be688aeb9849f3c192834d49b16edddee25b7c9bae3c3c904085f9ef","/_next/static/chunks/main-7cd9d08e7818cfcb.js":"d9ab090c3e2b90a594d0a02f9f545584b140296953a6a0923228c1e9b6e27309","/_next/static/chunks/polyfills-42372ed130431b0a.js":"67dee1c02c6a6700d63b5c1898cf2df618101a68a395db469192763d24925a23","/_next/static/chunks/framework-f66176bb897dc684.js":"bcc2625ae39aa9748c8149b05dc6cbaca4e82b628c2a805c2733cc090562a694","/_next/static/chunks/fd9d1056-b9b281d6c2728617.js":"8b73f2ae4babb3d70adf200a16329555cd03b390ca97f3fa3368428ebc73c549","/_next/static/chunks/144d3bae-fc20862834ea22f3.js":"6e477fd3617871762f312c04cda3f2f52d42801f29ef69c15b435ee12462d186"}}
[debug] [2026-06-16T10:04:53.488Z] <<< [apiv2][status] POST https://firebasehosting.googleapis.com/v1beta1/projects/746674100825/sites/edulink-teacher/versions/6fc9e4429493551f:populateFiles 200
[debug] [2026-06-16T10:04:53.488Z] <<< [apiv2][body] POST https://firebasehosting.googleapis.com/v1beta1/projects/746674100825/sites/edulink-teacher/versions/6fc9e4429493551f:populateFiles {"uploadRequiredHashes":["d50fde037f792d92fbe6f06327e22da8ffb7c1be16bc1c055748d9d6cd83568c","f72251e1c6103df45807ebd8b5c45a19235decc8236bbb17e1ff288d754f6ae2","57a8077c1269487b7fc676a33343d7cb7b27ad07925eb3a2ead6f9d0f03d4b47","70e1640ff7bcc4601854b009332786678af6a2db86675c82324875148f8c9932","4fb915be2186e491cf457275b63860f1e9d84cfda6f1310b028cc7a3c9478022","6d8a7069bf6559b6e1450f73852f38dc6296f6ac102167d950d0507092f066f9","b0330b3638115dce89b6b6f63ff8798e6d13656af4a0665f1571f388beececbd","0bc07b9d6aeb6420d2e316c41be72d35af7f5dc8fccd5fe82500068a6c108e71","d09378895c077cab49685212e8c07277ba6de33092c7b068e0f360f0dfb9d020","b28c8c4706710d3002b5f273e9d646112e29a654e4ccce07ae3ac769ae8e0039","1332696ea6cee02c791ae2c3a6329f67adcbcf4d5ef1c7449f42b6c66dce8d60","2cbfd6e828ebb7fd0f65c165e530cadaa23b9db8afa7402bd40956f24001488a","a85d80c7e74ec25139ff90c8689f3a9a7dd821cb752da66091ce3ff1d583e32c","3e8f320e5b74377e94429127435d94ee8bff9e1487f1dd2b3e31252011e10820","5dad731d118db067bff47719dbd967f0b89f4065bf2b504adb4e888c0dff5456","deafcc0fff0c78664552a67ad13eb8dbe45aab9c19adb6f22e1443dce7f5f173","07209332520b8b407070e6a6651484f091bd8a06cc68f2a4a4a8aaccb41a5bbc","93a78d90faf020c85448eb41100eb1e41ade34d956bb4cecd65d889f99ea387b","fa817cd69ace0b10b687b93bf9aa5d05cd1c59d8e92f5f5f9757a17ccbea6c09","362390eeb2cac3c776c2b39a4d465588523ed11ef18495da3d102d0f9192974b"],"uploadUrl":"https://upload-firebasehosting.googleapis.com/upload/sites/edulink-teacher/versions/6fc9e4429493551f/files"}
[debug] [2026-06-16T10:04:53.488Z] Checked if tokens are valid: true, expires at: 1781607414899
[debug] [2026-06-16T10:04:53.488Z] Checked if tokens are valid: true, expires at: 1781607414899
[debug] [2026-06-16T10:04:53.489Z] Checked if tokens are valid: true, expires at: 1781607414899
[debug] [2026-06-16T10:04:53.489Z] Checked if tokens are valid: true, expires at: 1781607414899
[debug] [2026-06-16T10:04:53.489Z] Checked if tokens are valid: true, expires at: 1781607414899
[debug] [2026-06-16T10:04:53.489Z] Checked if tokens are valid: true, expires at: 1781607414899
[debug] [2026-06-16T10:04:53.489Z] Checked if tokens are valid: true, expires at: 1781607414899
[debug] [2026-06-16T10:04:53.489Z] Checked if tokens are valid: true, expires at: 1781607414899
[debug] [2026-06-16T10:04:53.489Z] Checked if tokens are valid: true, expires at: 1781607414899
[debug] [2026-06-16T10:04:53.489Z] Checked if tokens are valid: true, expires at: 1781607414899
[debug] [2026-06-16T10:04:53.489Z] Checked if tokens are valid: true, expires at: 1781607414899
[debug] [2026-06-16T10:04:53.489Z] Checked if tokens are valid: true, expires at: 1781607414899
[debug] [2026-06-16T10:04:53.489Z] Checked if tokens are valid: true, expires at: 1781607414899
[debug] [2026-06-16T10:04:53.489Z] Checked if tokens are valid: true, expires at: 1781607414899
[debug] [2026-06-16T10:04:53.489Z] Checked if tokens are valid: true, expires at: 1781607414899
[debug] [2026-06-16T10:04:53.489Z] Checked if tokens are valid: true, expires at: 1781607414899
[debug] [2026-06-16T10:04:53.489Z] Checked if tokens are valid: true, expires at: 1781607414899
[debug] [2026-06-16T10:04:53.489Z] Checked if tokens are valid: true, expires at: 1781607414899
[debug] [2026-06-16T10:04:53.489Z] Checked if tokens are valid: true, expires at: 1781607414899
[debug] [2026-06-16T10:04:53.489Z] Checked if tokens are valid: true, expires at: 1781607414899
[debug] [2026-06-16T10:04:53.489Z] Checked if tokens are valid: true, expires at: 1781607414899
[debug] [2026-06-16T10:04:53.489Z] Checked if tokens are valid: true, expires at: 1781607414899
[debug] [2026-06-16T10:04:53.489Z] Checked if tokens are valid: true, expires at: 1781607414899
[debug] [2026-06-16T10:04:53.489Z] Checked if tokens are valid: true, expires at: 1781607414899
[debug] [2026-06-16T10:04:53.489Z] Checked if tokens are valid: true, expires at: 1781607414899
[debug] [2026-06-16T10:04:53.489Z] Checked if tokens are valid: true, expires at: 1781607414899
[debug] [2026-06-16T10:04:53.489Z] Checked if tokens are valid: true, expires at: 1781607414899
[debug] [2026-06-16T10:04:53.489Z] Checked if tokens are valid: true, expires at: 1781607414899
[debug] [2026-06-16T10:04:53.489Z] Checked if tokens are valid: true, expires at: 1781607414899
[debug] [2026-06-16T10:04:53.489Z] Checked if tokens are valid: true, expires at: 1781607414899
[debug] [2026-06-16T10:04:53.490Z] Checked if tokens are valid: true, expires at: 1781607414899
[debug] [2026-06-16T10:04:53.490Z] Checked if tokens are valid: true, expires at: 1781607414899
[debug] [2026-06-16T10:04:53.490Z] Checked if tokens are valid: true, expires at: 1781607414899
[debug] [2026-06-16T10:04:53.490Z] Checked if tokens are valid: true, expires at: 1781607414899
[debug] [2026-06-16T10:04:53.490Z] Checked if tokens are valid: true, expires at: 1781607414899
[debug] [2026-06-16T10:04:53.490Z] Checked if tokens are valid: true, expires at: 1781607414899
[debug] [2026-06-16T10:04:53.490Z] Checked if tokens are valid: true, expires at: 1781607414899
[debug] [2026-06-16T10:04:53.490Z] Checked if tokens are valid: true, expires at: 1781607414899
[debug] [2026-06-16T10:04:53.490Z] Checked if tokens are valid: true, expires at: 1781607414899
[debug] [2026-06-16T10:04:53.490Z] Checked if tokens are valid: true, expires at: 1781607414899
[debug] [2026-06-16T10:04:53.490Z] >>> [apiv2][query] POST https://upload-firebasehosting.googleapis.com/upload/sites/edulink-teacher/versions/6fc9e4429493551f/files/d50fde037f792d92fbe6f06327e22da8ffb7c1be16bc1c055748d9d6cd83568c [none]
[debug] [2026-06-16T10:04:53.490Z] >>> [apiv2][body] POST https://upload-firebasehosting.googleapis.com/upload/sites/edulink-teacher/versions/6fc9e4429493551f/files/d50fde037f792d92fbe6f06327e22da8ffb7c1be16bc1c055748d9d6cd83568c [stream]
[debug] [2026-06-16T10:04:53.490Z] >>> [apiv2][query] POST https://upload-firebasehosting.googleapis.com/upload/sites/edulink-teacher/versions/6fc9e4429493551f/files/f72251e1c6103df45807ebd8b5c45a19235decc8236bbb17e1ff288d754f6ae2 [none]
[debug] [2026-06-16T10:04:53.490Z] >>> [apiv2][body] POST https://upload-firebasehosting.googleapis.com/upload/sites/edulink-teacher/versions/6fc9e4429493551f/files/f72251e1c6103df45807ebd8b5c45a19235decc8236bbb17e1ff288d754f6ae2 [stream]
[debug] [2026-06-16T10:04:53.490Z] >>> [apiv2][query] POST https://upload-firebasehosting.googleapis.com/upload/sites/edulink-teacher/versions/6fc9e4429493551f/files/57a8077c1269487b7fc676a33343d7cb7b27ad07925eb3a2ead6f9d0f03d4b47 [none]
[debug] [2026-06-16T10:04:53.490Z] >>> [apiv2][body] POST https://upload-firebasehosting.googleapis.com/upload/sites/edulink-teacher/versions/6fc9e4429493551f/files/57a8077c1269487b7fc676a33343d7cb7b27ad07925eb3a2ead6f9d0f03d4b47 [stream]
[debug] [2026-06-16T10:04:53.490Z] >>> [apiv2][query] POST https://upload-firebasehosting.googleapis.com/upload/sites/edulink-teacher/versions/6fc9e4429493551f/files/70e1640ff7bcc4601854b009332786678af6a2db86675c82324875148f8c9932 [none]
[debug] [2026-06-16T10:04:53.490Z] >>> [apiv2][body] POST https://upload-firebasehosting.googleapis.com/upload/sites/edulink-teacher/versions/6fc9e4429493551f/files/70e1640ff7bcc4601854b009332786678af6a2db86675c82324875148f8c9932 [stream]
[debug] [2026-06-16T10:04:53.490Z] >>> [apiv2][query] POST https://upload-firebasehosting.googleapis.com/upload/sites/edulink-teacher/versions/6fc9e4429493551f/files/4fb915be2186e491cf457275b63860f1e9d84cfda6f1310b028cc7a3c9478022 [none]
[debug] [2026-06-16T10:04:53.490Z] >>> [apiv2][body] POST https://upload-firebasehosting.googleapis.com/upload/sites/edulink-teacher/versions/6fc9e4429493551f/files/4fb915be2186e491cf457275b63860f1e9d84cfda6f1310b028cc7a3c9478022 [stream]
[debug] [2026-06-16T10:04:53.490Z] >>> [apiv2][query] POST https://upload-firebasehosting.googleapis.com/upload/sites/edulink-teacher/versions/6fc9e4429493551f/files/6d8a7069bf6559b6e1450f73852f38dc6296f6ac102167d950d0507092f066f9 [none]
[debug] [2026-06-16T10:04:53.490Z] >>> [apiv2][body] POST https://upload-firebasehosting.googleapis.com/upload/sites/edulink-teacher/versions/6fc9e4429493551f/files/6d8a7069bf6559b6e1450f73852f38dc6296f6ac102167d950d0507092f066f9 [stream]
[debug] [2026-06-16T10:04:53.490Z] >>> [apiv2][query] POST https://upload-firebasehosting.googleapis.com/upload/sites/edulink-teacher/versions/6fc9e4429493551f/files/b0330b3638115dce89b6b6f63ff8798e6d13656af4a0665f1571f388beececbd [none]
[debug] [2026-06-16T10:04:53.490Z] >>> [apiv2][body] POST https://upload-firebasehosting.googleapis.com/upload/sites/edulink-teacher/versions/6fc9e4429493551f/files/b0330b3638115dce89b6b6f63ff8798e6d13656af4a0665f1571f388beececbd [stream]
[debug] [2026-06-16T10:04:53.491Z] >>> [apiv2][query] POST https://upload-firebasehosting.googleapis.com/upload/sites/edulink-teacher/versions/6fc9e4429493551f/files/0bc07b9d6aeb6420d2e316c41be72d35af7f5dc8fccd5fe82500068a6c108e71 [none]
[debug] [2026-06-16T10:04:53.491Z] >>> [apiv2][body] POST https://upload-firebasehosting.googleapis.com/upload/sites/edulink-teacher/versions/6fc9e4429493551f/files/0bc07b9d6aeb6420d2e316c41be72d35af7f5dc8fccd5fe82500068a6c108e71 [stream]
[debug] [2026-06-16T10:04:53.491Z] >>> [apiv2][query] POST https://upload-firebasehosting.googleapis.com/upload/sites/edulink-teacher/versions/6fc9e4429493551f/files/d09378895c077cab49685212e8c07277ba6de33092c7b068e0f360f0dfb9d020 [none]
[debug] [2026-06-16T10:04:53.491Z] >>> [apiv2][body] POST https://upload-firebasehosting.googleapis.com/upload/sites/edulink-teacher/versions/6fc9e4429493551f/files/d09378895c077cab49685212e8c07277ba6de33092c7b068e0f360f0dfb9d020 [stream]
[debug] [2026-06-16T10:04:53.491Z] >>> [apiv2][query] POST https://upload-firebasehosting.googleapis.com/upload/sites/edulink-teacher/versions/6fc9e4429493551f/files/b28c8c4706710d3002b5f273e9d646112e29a654e4ccce07ae3ac769ae8e0039 [none]
[debug] [2026-06-16T10:04:53.491Z] >>> [apiv2][body] POST https://upload-firebasehosting.googleapis.com/upload/sites/edulink-teacher/versions/6fc9e4429493551f/files/b28c8c4706710d3002b5f273e9d646112e29a654e4ccce07ae3ac769ae8e0039 [stream]
[debug] [2026-06-16T10:04:53.491Z] >>> [apiv2][query] POST https://upload-firebasehosting.googleapis.com/upload/sites/edulink-teacher/versions/6fc9e4429493551f/files/1332696ea6cee02c791ae2c3a6329f67adcbcf4d5ef1c7449f42b6c66dce8d60 [none]
[debug] [2026-06-16T10:04:53.491Z] >>> [apiv2][body] POST https://upload-firebasehosting.googleapis.com/upload/sites/edulink-teacher/versions/6fc9e4429493551f/files/1332696ea6cee02c791ae2c3a6329f67adcbcf4d5ef1c7449f42b6c66dce8d60 [stream]
[debug] [2026-06-16T10:04:53.491Z] >>> [apiv2][query] POST https://upload-firebasehosting.googleapis.com/upload/sites/edulink-teacher/versions/6fc9e4429493551f/files/2cbfd6e828ebb7fd0f65c165e530cadaa23b9db8afa7402bd40956f24001488a [none]
[debug] [2026-06-16T10:04:53.491Z] >>> [apiv2][body] POST https://upload-firebasehosting.googleapis.com/upload/sites/edulink-teacher/versions/6fc9e4429493551f/files/2cbfd6e828ebb7fd0f65c165e530cadaa23b9db8afa7402bd40956f24001488a [stream]
[debug] [2026-06-16T10:04:53.491Z] >>> [apiv2][query] POST https://upload-firebasehosting.googleapis.com/upload/sites/edulink-teacher/versions/6fc9e4429493551f/files/a85d80c7e74ec25139ff90c8689f3a9a7dd821cb752da66091ce3ff1d583e32c [none]
[debug] [2026-06-16T10:04:53.491Z] >>> [apiv2][body] POST https://upload-firebasehosting.googleapis.com/upload/sites/edulink-teacher/versions/6fc9e4429493551f/files/a85d80c7e74ec25139ff90c8689f3a9a7dd821cb752da66091ce3ff1d583e32c [stream]
[debug] [2026-06-16T10:04:53.491Z] >>> [apiv2][query] POST https://upload-firebasehosting.googleapis.com/upload/sites/edulink-teacher/versions/6fc9e4429493551f/files/3e8f320e5b74377e94429127435d94ee8bff9e1487f1dd2b3e31252011e10820 [none]
[debug] [2026-06-16T10:04:53.491Z] >>> [apiv2][body] POST https://upload-firebasehosting.googleapis.com/upload/sites/edulink-teacher/versions/6fc9e4429493551f/files/3e8f320e5b74377e94429127435d94ee8bff9e1487f1dd2b3e31252011e10820 [stream]
[debug] [2026-06-16T10:04:53.491Z] >>> [apiv2][query] POST https://upload-firebasehosting.googleapis.com/upload/sites/edulink-teacher/versions/6fc9e4429493551f/files/5dad731d118db067bff47719dbd967f0b89f4065bf2b504adb4e888c0dff5456 [none]
[debug] [2026-06-16T10:04:53.491Z] >>> [apiv2][body] POST https://upload-firebasehosting.googleapis.com/upload/sites/edulink-teacher/versions/6fc9e4429493551f/files/5dad731d118db067bff47719dbd967f0b89f4065bf2b504adb4e888c0dff5456 [stream]
[debug] [2026-06-16T10:04:53.491Z] >>> [apiv2][query] POST https://upload-firebasehosting.googleapis.com/upload/sites/edulink-teacher/versions/6fc9e4429493551f/files/deafcc0fff0c78664552a67ad13eb8dbe45aab9c19adb6f22e1443dce7f5f173 [none]
[debug] [2026-06-16T10:04:53.491Z] >>> [apiv2][body] POST https://upload-firebasehosting.googleapis.com/upload/sites/edulink-teacher/versions/6fc9e4429493551f/files/deafcc0fff0c78664552a67ad13eb8dbe45aab9c19adb6f22e1443dce7f5f173 [stream]
[debug] [2026-06-16T10:04:53.491Z] >>> [apiv2][query] POST https://upload-firebasehosting.googleapis.com/upload/sites/edulink-teacher/versions/6fc9e4429493551f/files/07209332520b8b407070e6a6651484f091bd8a06cc68f2a4a4a8aaccb41a5bbc [none]
[debug] [2026-06-16T10:04:53.491Z] >>> [apiv2][body] POST https://upload-firebasehosting.googleapis.com/upload/sites/edulink-teacher/versions/6fc9e4429493551f/files/07209332520b8b407070e6a6651484f091bd8a06cc68f2a4a4a8aaccb41a5bbc [stream]
[debug] [2026-06-16T10:04:53.491Z] >>> [apiv2][query] POST https://upload-firebasehosting.googleapis.com/upload/sites/edulink-teacher/versions/6fc9e4429493551f/files/93a78d90faf020c85448eb41100eb1e41ade34d956bb4cecd65d889f99ea387b [none]
[debug] [2026-06-16T10:04:53.491Z] >>> [apiv2][body] POST https://upload-firebasehosting.googleapis.com/upload/sites/edulink-teacher/versions/6fc9e4429493551f/files/93a78d90faf020c85448eb41100eb1e41ade34d956bb4cecd65d889f99ea387b [stream]
[debug] [2026-06-16T10:04:53.491Z] >>> [apiv2][query] POST https://upload-firebasehosting.googleapis.com/upload/sites/edulink-teacher/versions/6fc9e4429493551f/files/fa817cd69ace0b10b687b93bf9aa5d05cd1c59d8e92f5f5f9757a17ccbea6c09 [none]
[debug] [2026-06-16T10:04:53.491Z] >>> [apiv2][body] POST https://upload-firebasehosting.googleapis.com/upload/sites/edulink-teacher/versions/6fc9e4429493551f/files/fa817cd69ace0b10b687b93bf9aa5d05cd1c59d8e92f5f5f9757a17ccbea6c09 [stream]
[debug] [2026-06-16T10:04:53.491Z] >>> [apiv2][query] POST https://upload-firebasehosting.googleapis.com/upload/sites/edulink-teacher/versions/6fc9e4429493551f/files/362390eeb2cac3c776c2b39a4d465588523ed11ef18495da3d102d0f9192974b [none]
[debug] [2026-06-16T10:04:53.491Z] >>> [apiv2][body] POST https://upload-firebasehosting.googleapis.com/upload/sites/edulink-teacher/versions/6fc9e4429493551f/files/362390eeb2cac3c776c2b39a4d465588523ed11ef18495da3d102d0f9192974b [stream]
[debug] [2026-06-16T10:04:53.491Z] [hosting][populate queue][FINAL] {"max":992,"min":992,"avg":992,"active":0,"complete":1,"success":1,"errored":0,"retried":0,"total":1,"elapsed":993}
[debug] [2026-06-16T10:04:53.491Z] [hosting] uploads queued: 20
[debug] [2026-06-16T10:04:54.437Z] <<< [apiv2][status] POST https://upload-firebasehosting.googleapis.com/upload/sites/edulink-teacher/versions/6fc9e4429493551f/files/f72251e1c6103df45807ebd8b5c45a19235decc8236bbb17e1ff288d754f6ae2 200
[debug] [2026-06-16T10:04:54.437Z] <<< [apiv2][body] POST https://upload-firebasehosting.googleapis.com/upload/sites/edulink-teacher/versions/6fc9e4429493551f/files/f72251e1c6103df45807ebd8b5c45a19235decc8236bbb17e1ff288d754f6ae2 [stream]
[debug] [2026-06-16T10:04:54.447Z] <<< [apiv2][status] POST https://upload-firebasehosting.googleapis.com/upload/sites/edulink-teacher/versions/6fc9e4429493551f/files/93a78d90faf020c85448eb41100eb1e41ade34d956bb4cecd65d889f99ea387b 200
[debug] [2026-06-16T10:04:54.447Z] <<< [apiv2][body] POST https://upload-firebasehosting.googleapis.com/upload/sites/edulink-teacher/versions/6fc9e4429493551f/files/93a78d90faf020c85448eb41100eb1e41ade34d956bb4cecd65d889f99ea387b [stream]
[debug] [2026-06-16T10:04:54.454Z] <<< [apiv2][status] POST https://upload-firebasehosting.googleapis.com/upload/sites/edulink-teacher/versions/6fc9e4429493551f/files/4fb915be2186e491cf457275b63860f1e9d84cfda6f1310b028cc7a3c9478022 200
[debug] [2026-06-16T10:04:54.454Z] <<< [apiv2][body] POST https://upload-firebasehosting.googleapis.com/upload/sites/edulink-teacher/versions/6fc9e4429493551f/files/4fb915be2186e491cf457275b63860f1e9d84cfda6f1310b028cc7a3c9478022 [stream]
[debug] [2026-06-16T10:04:54.472Z] <<< [apiv2][status] POST https://upload-firebasehosting.googleapis.com/upload/sites/edulink-teacher/versions/6fc9e4429493551f/files/07209332520b8b407070e6a6651484f091bd8a06cc68f2a4a4a8aaccb41a5bbc 200
[debug] [2026-06-16T10:04:54.472Z] <<< [apiv2][body] POST https://upload-firebasehosting.googleapis.com/upload/sites/edulink-teacher/versions/6fc9e4429493551f/files/07209332520b8b407070e6a6651484f091bd8a06cc68f2a4a4a8aaccb41a5bbc [stream]
[info] i  hosting: uploading new files [4/20] (20%) 
[debug] [2026-06-16T10:04:54.489Z] <<< [apiv2][status] POST https://upload-firebasehosting.googleapis.com/upload/sites/edulink-teacher/versions/6fc9e4429493551f/files/2cbfd6e828ebb7fd0f65c165e530cadaa23b9db8afa7402bd40956f24001488a 200
[debug] [2026-06-16T10:04:54.489Z] <<< [apiv2][body] POST https://upload-firebasehosting.googleapis.com/upload/sites/edulink-teacher/versions/6fc9e4429493551f/files/2cbfd6e828ebb7fd0f65c165e530cadaa23b9db8afa7402bd40956f24001488a [stream]
[debug] [2026-06-16T10:04:54.504Z] <<< [apiv2][status] POST https://upload-firebasehosting.googleapis.com/upload/sites/edulink-teacher/versions/6fc9e4429493551f/files/d09378895c077cab49685212e8c07277ba6de33092c7b068e0f360f0dfb9d020 200
[debug] [2026-06-16T10:04:54.504Z] <<< [apiv2][body] POST https://upload-firebasehosting.googleapis.com/upload/sites/edulink-teacher/versions/6fc9e4429493551f/files/d09378895c077cab49685212e8c07277ba6de33092c7b068e0f360f0dfb9d020 [stream]
[debug] [2026-06-16T10:04:54.504Z] <<< [apiv2][status] POST https://upload-firebasehosting.googleapis.com/upload/sites/edulink-teacher/versions/6fc9e4429493551f/files/5dad731d118db067bff47719dbd967f0b89f4065bf2b504adb4e888c0dff5456 200
[debug] [2026-06-16T10:04:54.504Z] <<< [apiv2][body] POST https://upload-firebasehosting.googleapis.com/upload/sites/edulink-teacher/versions/6fc9e4429493551f/files/5dad731d118db067bff47719dbd967f0b89f4065bf2b504adb4e888c0dff5456 [stream]
[debug] [2026-06-16T10:04:54.510Z] <<< [apiv2][status] POST https://upload-firebasehosting.googleapis.com/upload/sites/edulink-teacher/versions/6fc9e4429493551f/files/fa817cd69ace0b10b687b93bf9aa5d05cd1c59d8e92f5f5f9757a17ccbea6c09 200
[debug] [2026-06-16T10:04:54.510Z] <<< [apiv2][body] POST https://upload-firebasehosting.googleapis.com/upload/sites/edulink-teacher/versions/6fc9e4429493551f/files/fa817cd69ace0b10b687b93bf9aa5d05cd1c59d8e92f5f5f9757a17ccbea6c09 [stream]
[debug] [2026-06-16T10:04:54.512Z] <<< [apiv2][status] POST https://upload-firebasehosting.googleapis.com/upload/sites/edulink-teacher/versions/6fc9e4429493551f/files/6d8a7069bf6559b6e1450f73852f38dc6296f6ac102167d950d0507092f066f9 200
[debug] [2026-06-16T10:04:54.512Z] <<< [apiv2][body] POST https://upload-firebasehosting.googleapis.com/upload/sites/edulink-teacher/versions/6fc9e4429493551f/files/6d8a7069bf6559b6e1450f73852f38dc6296f6ac102167d950d0507092f066f9 [stream]
[debug] [2026-06-16T10:04:54.536Z] <<< [apiv2][status] POST https://upload-firebasehosting.googleapis.com/upload/sites/edulink-teacher/versions/6fc9e4429493551f/files/70e1640ff7bcc4601854b009332786678af6a2db86675c82324875148f8c9932 200
[debug] [2026-06-16T10:04:54.536Z] <<< [apiv2][body] POST https://upload-firebasehosting.googleapis.com/upload/sites/edulink-teacher/versions/6fc9e4429493551f/files/70e1640ff7bcc4601854b009332786678af6a2db86675c82324875148f8c9932 [stream]
[debug] [2026-06-16T10:04:54.550Z] <<< [apiv2][status] POST https://upload-firebasehosting.googleapis.com/upload/sites/edulink-teacher/versions/6fc9e4429493551f/files/a85d80c7e74ec25139ff90c8689f3a9a7dd821cb752da66091ce3ff1d583e32c 200
[debug] [2026-06-16T10:04:54.550Z] <<< [apiv2][body] POST https://upload-firebasehosting.googleapis.com/upload/sites/edulink-teacher/versions/6fc9e4429493551f/files/a85d80c7e74ec25139ff90c8689f3a9a7dd821cb752da66091ce3ff1d583e32c [stream]
[debug] [2026-06-16T10:04:54.573Z] <<< [apiv2][status] POST https://upload-firebasehosting.googleapis.com/upload/sites/edulink-teacher/versions/6fc9e4429493551f/files/362390eeb2cac3c776c2b39a4d465588523ed11ef18495da3d102d0f9192974b 200
[debug] [2026-06-16T10:04:54.573Z] <<< [apiv2][body] POST https://upload-firebasehosting.googleapis.com/upload/sites/edulink-teacher/versions/6fc9e4429493551f/files/362390eeb2cac3c776c2b39a4d465588523ed11ef18495da3d102d0f9192974b [stream]
[debug] [2026-06-16T10:04:54.576Z] <<< [apiv2][status] POST https://upload-firebasehosting.googleapis.com/upload/sites/edulink-teacher/versions/6fc9e4429493551f/files/b28c8c4706710d3002b5f273e9d646112e29a654e4ccce07ae3ac769ae8e0039 200
[debug] [2026-06-16T10:04:54.576Z] <<< [apiv2][body] POST https://upload-firebasehosting.googleapis.com/upload/sites/edulink-teacher/versions/6fc9e4429493551f/files/b28c8c4706710d3002b5f273e9d646112e29a654e4ccce07ae3ac769ae8e0039 [stream]
[debug] [2026-06-16T10:04:54.643Z] <<< [apiv2][status] POST https://upload-firebasehosting.googleapis.com/upload/sites/edulink-teacher/versions/6fc9e4429493551f/files/d50fde037f792d92fbe6f06327e22da8ffb7c1be16bc1c055748d9d6cd83568c 200
[debug] [2026-06-16T10:04:54.643Z] <<< [apiv2][body] POST https://upload-firebasehosting.googleapis.com/upload/sites/edulink-teacher/versions/6fc9e4429493551f/files/d50fde037f792d92fbe6f06327e22da8ffb7c1be16bc1c055748d9d6cd83568c [stream]
[debug] [2026-06-16T10:04:54.662Z] <<< [apiv2][status] POST https://upload-firebasehosting.googleapis.com/upload/sites/edulink-teacher/versions/6fc9e4429493551f/files/3e8f320e5b74377e94429127435d94ee8bff9e1487f1dd2b3e31252011e10820 200
[debug] [2026-06-16T10:04:54.662Z] <<< [apiv2][body] POST https://upload-firebasehosting.googleapis.com/upload/sites/edulink-teacher/versions/6fc9e4429493551f/files/3e8f320e5b74377e94429127435d94ee8bff9e1487f1dd2b3e31252011e10820 [stream]
[debug] [2026-06-16T10:04:54.667Z] <<< [apiv2][status] POST https://upload-firebasehosting.googleapis.com/upload/sites/edulink-teacher/versions/6fc9e4429493551f/files/0bc07b9d6aeb6420d2e316c41be72d35af7f5dc8fccd5fe82500068a6c108e71 200
[debug] [2026-06-16T10:04:54.667Z] <<< [apiv2][body] POST https://upload-firebasehosting.googleapis.com/upload/sites/edulink-teacher/versions/6fc9e4429493551f/files/0bc07b9d6aeb6420d2e316c41be72d35af7f5dc8fccd5fe82500068a6c108e71 [stream]
[debug] [2026-06-16T10:04:54.668Z] <<< [apiv2][status] POST https://upload-firebasehosting.googleapis.com/upload/sites/edulink-teacher/versions/6fc9e4429493551f/files/deafcc0fff0c78664552a67ad13eb8dbe45aab9c19adb6f22e1443dce7f5f173 200
[debug] [2026-06-16T10:04:54.668Z] <<< [apiv2][body] POST https://upload-firebasehosting.googleapis.com/upload/sites/edulink-teacher/versions/6fc9e4429493551f/files/deafcc0fff0c78664552a67ad13eb8dbe45aab9c19adb6f22e1443dce7f5f173 [stream]
[debug] [2026-06-16T10:04:54.675Z] <<< [apiv2][status] POST https://upload-firebasehosting.googleapis.com/upload/sites/edulink-teacher/versions/6fc9e4429493551f/files/b0330b3638115dce89b6b6f63ff8798e6d13656af4a0665f1571f388beececbd 200
[debug] [2026-06-16T10:04:54.675Z] <<< [apiv2][body] POST https://upload-firebasehosting.googleapis.com/upload/sites/edulink-teacher/versions/6fc9e4429493551f/files/b0330b3638115dce89b6b6f63ff8798e6d13656af4a0665f1571f388beececbd [stream]
[debug] [2026-06-16T10:04:54.677Z] <<< [apiv2][status] POST https://upload-firebasehosting.googleapis.com/upload/sites/edulink-teacher/versions/6fc9e4429493551f/files/1332696ea6cee02c791ae2c3a6329f67adcbcf4d5ef1c7449f42b6c66dce8d60 200
[debug] [2026-06-16T10:04:54.677Z] <<< [apiv2][body] POST https://upload-firebasehosting.googleapis.com/upload/sites/edulink-teacher/versions/6fc9e4429493551f/files/1332696ea6cee02c791ae2c3a6329f67adcbcf4d5ef1c7449f42b6c66dce8d60 [stream]
[debug] [2026-06-16T10:04:55.218Z] <<< [apiv2][status] POST https://upload-firebasehosting.googleapis.com/upload/sites/edulink-teacher/versions/6fc9e4429493551f/files/57a8077c1269487b7fc676a33343d7cb7b27ad07925eb3a2ead6f9d0f03d4b47 200
[debug] [2026-06-16T10:04:55.219Z] <<< [apiv2][body] POST https://upload-firebasehosting.googleapis.com/upload/sites/edulink-teacher/versions/6fc9e4429493551f/files/57a8077c1269487b7fc676a33343d7cb7b27ad07925eb3a2ead6f9d0f03d4b47 [stream]
[debug] [2026-06-16T10:04:55.219Z] [hosting][upload queue][FINAL] {"max":1730,"min":950,"avg":1099.7,"active":0,"complete":20,"success":20,"errored":0,"retried":0,"total":20,"elapsed":1731}
[info] i  hosting: upload complete 
[info] ✔  hosting[edulink-teacher]: file upload complete 
[debug] [2026-06-16T10:04:55.219Z] [hosting] deploy completed after 2753ms
[debug] [2026-06-16T10:04:55.220Z] [
  {
    "config": {
      "target": "admin",
      "public": "edulink-admin/out",
      "ignore": [
        "firebase.json",
        "**/.*",
        "**/node_modules/**"
      ],
      "rewrites": [
        {
          "source": "**",
          "destination": "/index.html"
        }
      ],
      "headers": [
        {
          "source": "**/*.@(js|css|png|jpg|svg|ico|woff2)",
          "headers": [
            {
              "key": "Cache-Control",
              "value": "public, max-age=31536000, immutable"
            }
          ]
        }
      ],
      "site": "edulink-c7b45"
    },
    "version": "projects/746674100825/sites/edulink-c7b45/versions/a9ddd7a5aec49ccb"
  },
  {
    "config": {
      "target": "teacher",
      "public": "edulink-teacher/out",
      "ignore": [
        "firebase.json",
        "**/.*",
        "**/node_modules/**"
      ],
      "rewrites": [
        {
          "source": "**",
          "destination": "/index.html"
        }
      ],
      "headers": [
        {
          "source": "**/*.@(js|css|png|jpg|svg|ico|woff2)",
          "headers": [
            {
              "key": "Cache-Control",
              "value": "public, max-age=31536000, immutable"
            }
          ]
        }
      ],
      "site": "edulink-teacher"
    },
    "version": "projects/746674100825/sites/edulink-teacher/versions/6fc9e4429493551f"
  }
]
[info] i  hosting[edulink-c7b45]: finalizing version... 
[info] i  hosting[edulink-teacher]: finalizing version... 
[debug] [2026-06-16T10:04:55.222Z] Checked if tokens are valid: true, expires at: 1781607414899
[debug] [2026-06-16T10:04:55.222Z] Checked if tokens are valid: true, expires at: 1781607414899
[debug] [2026-06-16T10:04:55.222Z] Checked if tokens are valid: true, expires at: 1781607414899
[debug] [2026-06-16T10:04:55.222Z] Checked if tokens are valid: true, expires at: 1781607414899
[debug] [2026-06-16T10:04:55.222Z] >>> [apiv2][query] PATCH https://firebasehosting.googleapis.com/v1beta1/projects/-/sites/edulink-c7b45/versions/a9ddd7a5aec49ccb updateMask=status%2Cconfig
[debug] [2026-06-16T10:04:55.222Z] >>> [apiv2][body] PATCH https://firebasehosting.googleapis.com/v1beta1/projects/-/sites/edulink-c7b45/versions/a9ddd7a5aec49ccb {"status":"FINALIZED","config":{"rewrites":[{"glob":"**","path":"/index.html"}],"headers":[{"glob":"**/*.@(js|css|png|jpg|svg|ico|woff2)","headers":{"Cache-Control":"public, max-age=31536000, immutable"}}]}}
[debug] [2026-06-16T10:04:55.223Z] >>> [apiv2][query] PATCH https://firebasehosting.googleapis.com/v1beta1/projects/-/sites/edulink-teacher/versions/6fc9e4429493551f updateMask=status%2Cconfig
[debug] [2026-06-16T10:04:55.223Z] >>> [apiv2][body] PATCH https://firebasehosting.googleapis.com/v1beta1/projects/-/sites/edulink-teacher/versions/6fc9e4429493551f {"status":"FINALIZED","config":{"rewrites":[{"glob":"**","path":"/index.html"}],"headers":[{"glob":"**/*.@(js|css|png|jpg|svg|ico|woff2)","headers":{"Cache-Control":"public, max-age=31536000, immutable"}}]}}
[debug] [2026-06-16T10:04:56.784Z] <<< [apiv2][status] PATCH https://firebasehosting.googleapis.com/v1beta1/projects/-/sites/edulink-c7b45/versions/a9ddd7a5aec49ccb 200
[debug] [2026-06-16T10:04:56.784Z] <<< [apiv2][body] PATCH https://firebasehosting.googleapis.com/v1beta1/projects/-/sites/edulink-c7b45/versions/a9ddd7a5aec49ccb {"name":"projects/746674100825/sites/edulink-c7b45/versions/a9ddd7a5aec49ccb","status":"FINALIZED","config":{"headers":[{"headers":{"Cache-Control":"public, max-age=31536000, immutable"},"glob":"**/*.@(js|css|png|jpg|svg|ico|woff2)"}],"rewrites":[{"glob":"**","path":"/index.html"}]},"labels":{"deployment-tool":"cli-firebase"},"createTime":"2026-06-16T10:04:49.138261Z","createUser":{"email":"hashimstar25@gmail.com"},"finalizeTime":"2026-06-16T10:04:57.868906Z","finalizeUser":{"email":"hashimstar25@gmail.com"}}
[debug] [2026-06-16T10:04:56.784Z] [hosting] finalized version for edulink-c7b45:[object Object]
[info] ✔  hosting[edulink-c7b45]: version finalized 
[info] i  hosting[edulink-c7b45]: releasing new version... 
[debug] [2026-06-16T10:04:56.784Z] Checked if tokens are valid: true, expires at: 1781607414899
[debug] [2026-06-16T10:04:56.784Z] Checked if tokens are valid: true, expires at: 1781607414899
[debug] [2026-06-16T10:04:56.784Z] >>> [apiv2][query] POST https://firebasehosting.googleapis.com/v1beta1/projects/-/sites/edulink-c7b45/channels/live/releases versionName=projects%2F746674100825%2Fsites%2Fedulink-c7b45%2Fversions%2Fa9ddd7a5aec49ccb
[debug] [2026-06-16T10:04:56.784Z] >>> [apiv2][body] POST https://firebasehosting.googleapis.com/v1beta1/projects/-/sites/edulink-c7b45/channels/live/releases {}
[debug] [2026-06-16T10:04:57.552Z] <<< [apiv2][status] PATCH https://firebasehosting.googleapis.com/v1beta1/projects/-/sites/edulink-teacher/versions/6fc9e4429493551f 200
[debug] [2026-06-16T10:04:57.552Z] <<< [apiv2][body] PATCH https://firebasehosting.googleapis.com/v1beta1/projects/-/sites/edulink-teacher/versions/6fc9e4429493551f {"name":"projects/746674100825/sites/edulink-teacher/versions/6fc9e4429493551f","status":"FINALIZED","config":{"headers":[{"headers":{"Cache-Control":"public, max-age=31536000, immutable"},"glob":"**/*.@(js|css|png|jpg|svg|ico|woff2)"}],"rewrites":[{"glob":"**","path":"/index.html"}]},"labels":{"deployment-tool":"cli-firebase"},"createTime":"2026-06-16T10:04:49.132669Z","createUser":{"email":"hashimstar25@gmail.com"},"finalizeTime":"2026-06-16T10:04:58.636250Z","finalizeUser":{"email":"hashimstar25@gmail.com"}}
[debug] [2026-06-16T10:04:57.552Z] [hosting] finalized version for edulink-teacher:[object Object]
[info] ✔  hosting[edulink-teacher]: version finalized 
[info] i  hosting[edulink-teacher]: releasing new version... 
[debug] [2026-06-16T10:04:57.552Z] Checked if tokens are valid: true, expires at: 1781607414899
[debug] [2026-06-16T10:04:57.552Z] Checked if tokens are valid: true, expires at: 1781607414899
[debug] [2026-06-16T10:04:57.552Z] >>> [apiv2][query] POST https://firebasehosting.googleapis.com/v1beta1/projects/-/sites/edulink-teacher/channels/live/releases versionName=projects%2F746674100825%2Fsites%2Fedulink-teacher%2Fversions%2F6fc9e4429493551f
[debug] [2026-06-16T10:04:57.552Z] >>> [apiv2][body] POST https://firebasehosting.googleapis.com/v1beta1/projects/-/sites/edulink-teacher/channels/live/releases {}
[debug] [2026-06-16T10:04:58.243Z] <<< [apiv2][status] POST https://firebasehosting.googleapis.com/v1beta1/projects/-/sites/edulink-c7b45/channels/live/releases 200
[debug] [2026-06-16T10:04:58.244Z] <<< [apiv2][body] POST https://firebasehosting.googleapis.com/v1beta1/projects/-/sites/edulink-c7b45/channels/live/releases {"name":"projects/746674100825/sites/edulink-c7b45/channels/live/releases/1781604298406000","version":{"name":"projects/746674100825/sites/edulink-c7b45/versions/a9ddd7a5aec49ccb","status":"FINALIZED","config":{"headers":[{"headers":{"Cache-Control":"public, max-age=31536000, immutable"},"glob":"**/*.@(js|css|png|jpg|svg|ico|woff2)"}],"rewrites":[{"glob":"**","path":"/index.html"}]},"labels":{"deployment-tool":"cli-firebase"},"createTime":"2026-06-16T10:04:49.138261Z","createUser":{"email":"hashimstar25@gmail.com","imageUrl":"https://lh3.googleusercontent.com/a/ACg8ocLnqxErgPNpu_c0bTnu6qhmqmr1rXKAoHY8s7Sq0AFUkoKqQNkm"},"finalizeTime":"2026-06-16T10:04:57.868906Z","finalizeUser":{"email":"hashimstar25@gmail.com","imageUrl":"https://lh3.googleusercontent.com/a/ACg8ocLnqxErgPNpu_c0bTnu6qhmqmr1rXKAoHY8s7Sq0AFUkoKqQNkm"}},"type":"DEPLOY","releaseTime":"2026-06-16T10:04:58.406Z","releaseUser":{"email":"hashimstar25@gmail.com","imageUrl":"https://lh3.googleusercontent.com/a/ACg8ocLnqxErgPNpu_c0bTnu6qhmqmr1rXKAoHY8s7Sq0AFUkoKqQNkm"}}
[debug] [2026-06-16T10:04:58.244Z] [hosting] release: {"name":"projects/746674100825/sites/edulink-c7b45/channels/live/releases/1781604298406000","version":{"name":"projects/746674100825/sites/edulink-c7b45/versions/a9ddd7a5aec49ccb","status":"FINALIZED","config":{"headers":[{"headers":{"Cache-Control":"public, max-age=31536000, immutable"},"glob":"**/*.@(js|css|png|jpg|svg|ico|woff2)"}],"rewrites":[{"glob":"**","path":"/index.html"}]},"labels":{"deployment-tool":"cli-firebase"},"createTime":"2026-06-16T10:04:49.138261Z","createUser":{"email":"hashimstar25@gmail.com","imageUrl":"https://lh3.googleusercontent.com/a/ACg8ocLnqxErgPNpu_c0bTnu6qhmqmr1rXKAoHY8s7Sq0AFUkoKqQNkm"},"finalizeTime":"2026-06-16T10:04:57.868906Z","finalizeUser":{"email":"hashimstar25@gmail.com","imageUrl":"https://lh3.googleusercontent.com/a/ACg8ocLnqxErgPNpu_c0bTnu6qhmqmr1rXKAoHY8s7Sq0AFUkoKqQNkm"}},"type":"DEPLOY","releaseTime":"2026-06-16T10:04:58.406Z","releaseUser":{"email":"hashimstar25@gmail.com","imageUrl":"https://lh3.googleusercontent.com/a/ACg8ocLnqxErgPNpu_c0bTnu6qhmqmr1rXKAoHY8s7Sq0AFUkoKqQNkm"}}
[info] ✔  hosting[edulink-c7b45]: release complete 
